<html>
<body>
<pre>
<h1>µVision Build Log</h1>
<h2>Tool Versions:</h2>
IDE-Version: µVision V5.40.0.0
Copyright (C) 2024 ARM Ltd and ARM Germany GmbH. All rights reserved.
License Information: david ross
Seneca Polytechnic
User-based license: Keil MDK Community (non-commercial free of charge)
Valid until: May 31 2033. Cached until: Aug 23 2024
 
Tool Versions:
Toolchain:       Keil MDK Community (non-commercial free of charge  Version: 5.40.0.3
Toolchain Path:  C:\Users\davidross\AppData\Local\Keil_v5\ARM\ARMCLANG\Bin
C Compiler:      ArmClang.exe V6.22
Assembler:       Armasm.exe V6.22
Linker/Locator:  ArmLink.exe V6.22
Library Manager: ArmAr.exe V6.22
Hex Converter:   FromElf.exe V6.22
CPU DLL:         
Dialog DLL:      DCM.DLL V1.17.5.0
Target DLL:      CMSIS_AGDI.dll V1.33.18.0
Dialog DLL:      TCM.DLL V1.56.4.0
 
<h2>Project:</h2>
\\Mac\Extreme Pro 2 TB\MCO455_KMV_Programs\KMV_SKELETON-main\KMV_mbed_os5_skeleton.uvprojx
Project File Date:  08/16/2024

<h2>Output:</h2>
*** Using Compiler 'V6.22', folder: 'C:\Users\davidross\AppData\Local\Keil_v5\ARM\ARMCLANG\Bin'
Build target 'KMV_mbed_os5_skeleton'
linking...
.\BUILD\KMV_mbed_os5_skeleton.axf: Warning: L3912W: Option 'legacyalign' is deprecated.
Program Size: Code=50588 RO-data=8328 RW-data=268 ZI-data=206204  
Finished: 0 information, 1 warning and 0 error messages.
".\BUILD\KMV_mbed_os5_skeleton.axf" - 0 Error(s), 1 Warning(s).

<h2>Software Packages used:</h2>

Package Vendor: Keil
                http://www.keil.com/pack/Keil.Kinetis_K60_DFP.1.5.0.pack
                Keil::Kinetis_K60_DFP@1.5.0
                NXP Kinetis K60 Series Device Support and Examples

<h2>Collection of Component include folders:</h2>
  C:/Users/davidross/AppData/Local/Arm/Packs/Keil/Kinetis_K60_DFP/1.5.0/Device/Include

<h2>Collection of Component Files used:</h2>
Build Time Elapsed:  00:00:23
</pre>
</body>
</html>
