<!doctype html public "-//w3c//dtd html 4.0 transitional//en">
<html><head>
<title>Static Call Graph - [.\BUILD\KMV_mbed_os5_skeleton.axf]</title></head>
<body><HR>
<H1>Static Call Graph for image .\BUILD\KMV_mbed_os5_skeleton.axf</H1><HR>
<BR><P>#&#060CALLGRAPH&#062# ARM Linker, 6220000: Last Updated: Fri Aug 16 14:16:52 2024
<BR><P>
<H3>Maximum Stack Usage =        776 bytes + Unknown(Cycles, Untraceable Function Pointers)</H3><H3>
Call chain for Maximum Stack Depth:</H3>
_GLOBAL__sub_I_main.cpp &rArr; Grove_LCD_RGB_Backlight::Grove_LCD_RGB_Backlight(PinName, PinName) &rArr; mbed::I2C::I2C(PinName, PinName) &rArr; i2c_init &rArr; i2c_init_direct &rArr; I2C_MasterInit &rArr; __aeabi_assert &rArr; __assert_puts &rArr; fflush &rArr; _do_fflush &rArr; _fflush &rArr; _writebuf &rArr; _sys_write &rArr; mbed_error &rArr; print_error_report &rArr; mbed_error_printf &rArr; mbed_error_vprintf &rArr; vsnprintf &rArr; _printf_char_common &rArr; __printf
<P>
<H3>
Mutually Recursive functions
</H3> <LI><a href="#[1d8]">mbed_assert_internal</a>&nbsp;&nbsp;&nbsp;&rArr;&nbsp;&nbsp;&nbsp;<a href="#[1b9]">mbed_error</a><BR>
 <LI><a href="#[1eb]">osMutexRelease</a>&nbsp;&nbsp;&nbsp;&rArr;&nbsp;&nbsp;&nbsp;<a href="#[1bb]">EvrRtxMutexError</a><BR>
 <LI><a href="#[1e9]">osMutexAcquire</a>&nbsp;&nbsp;&nbsp;&rArr;&nbsp;&nbsp;&nbsp;<a href="#[1bb]">EvrRtxMutexError</a><BR>
 <LI><a href="#[24d]">osRtxErrorNotify</a>&nbsp;&nbsp;&nbsp;&rArr;&nbsp;&nbsp;&nbsp;<a href="#[1b9]">mbed_error</a><BR>
 <LI><a href="#[7]">DebugMon_Handler</a>&nbsp;&nbsp;&nbsp;&rArr;&nbsp;&nbsp;&nbsp;<a href="#[7]">DebugMon_Handler</a><BR>
</UL>
<P>
<H3>
Function Pointers
</H3><UL>
 <LI><a href="#[31]">ADC0_IRQHandler</a> from .\build\startup_mk64f12.o(.text) referenced from .\build\startup_mk64f12.o(RESET)
 <LI><a href="#[53]">ADC1_IRQHandler</a> from .\build\startup_mk64f12.o(.text) referenced from .\build\startup_mk64f12.o(RESET)
 <LI><a href="#[4]">BusFault_Handler</a> from .\build\except.o(.text) referenced from .\build\startup_mk64f12.o(RESET)
 <LI><a href="#[56]">CAN0_Bus_Off_IRQHandler</a> from .\build\startup_mk64f12.o(.text) referenced from .\build\startup_mk64f12.o(RESET)
 <LI><a href="#[89]">CAN0_DriverIRQHandler</a> from .\build\fsl_flexcan.o(.text.CAN0_DriverIRQHandler) referenced from .\build\startup_mk64f12.o(.text)
 <LI><a href="#[57]">CAN0_Error_IRQHandler</a> from .\build\startup_mk64f12.o(.text) referenced from .\build\startup_mk64f12.o(RESET)
 <LI><a href="#[55]">CAN0_ORed_Message_buffer_IRQHandler</a> from .\build\startup_mk64f12.o(.text) referenced from .\build\startup_mk64f12.o(RESET)
 <LI><a href="#[59]">CAN0_Rx_Warning_IRQHandler</a> from .\build\startup_mk64f12.o(.text) referenced from .\build\startup_mk64f12.o(RESET)
 <LI><a href="#[58]">CAN0_Tx_Warning_IRQHandler</a> from .\build\startup_mk64f12.o(.text) referenced from .\build\startup_mk64f12.o(RESET)
 <LI><a href="#[5a]">CAN0_Wake_Up_IRQHandler</a> from .\build\startup_mk64f12.o(.text) referenced from .\build\startup_mk64f12.o(RESET)
 <LI><a href="#[32]">CMP0_IRQHandler</a> from .\build\startup_mk64f12.o(.text) referenced from .\build\startup_mk64f12.o(RESET)
 <LI><a href="#[33]">CMP1_IRQHandler</a> from .\build\startup_mk64f12.o(.text) referenced from .\build\startup_mk64f12.o(RESET)
 <LI><a href="#[50]">CMP2_IRQHandler</a> from .\build\startup_mk64f12.o(.text) referenced from .\build\startup_mk64f12.o(RESET)
 <LI><a href="#[37]">CMT_IRQHandler</a> from .\build\startup_mk64f12.o(.text) referenced from .\build\startup_mk64f12.o(RESET)
 <LI><a href="#[42]">DAC0_IRQHandler</a> from .\build\startup_mk64f12.o(.text) referenced from .\build\startup_mk64f12.o(RESET)
 <LI><a href="#[52]">DAC1_IRQHandler</a> from .\build\startup_mk64f12.o(.text) referenced from .\build\startup_mk64f12.o(RESET)
 <LI><a href="#[63]">DMA0_DriverIRQHandler</a> from .\build\fsl_edma.o(.text.DMA0_DriverIRQHandler) referenced from .\build\startup_mk64f12.o(.text)
 <LI><a href="#[a]">DMA0_IRQHandler</a> from .\build\startup_mk64f12.o(.text) referenced from .\build\startup_mk64f12.o(RESET)
 <LI><a href="#[6d]">DMA10_DriverIRQHandler</a> from .\build\fsl_edma.o(.text.DMA10_DriverIRQHandler) referenced from .\build\startup_mk64f12.o(.text)
 <LI><a href="#[14]">DMA10_IRQHandler</a> from .\build\startup_mk64f12.o(.text) referenced from .\build\startup_mk64f12.o(RESET)
 <LI><a href="#[6e]">DMA11_DriverIRQHandler</a> from .\build\fsl_edma.o(.text.DMA11_DriverIRQHandler) referenced from .\build\startup_mk64f12.o(.text)
 <LI><a href="#[15]">DMA11_IRQHandler</a> from .\build\startup_mk64f12.o(.text) referenced from .\build\startup_mk64f12.o(RESET)
 <LI><a href="#[6f]">DMA12_DriverIRQHandler</a> from .\build\fsl_edma.o(.text.DMA12_DriverIRQHandler) referenced from .\build\startup_mk64f12.o(.text)
 <LI><a href="#[16]">DMA12_IRQHandler</a> from .\build\startup_mk64f12.o(.text) referenced from .\build\startup_mk64f12.o(RESET)
 <LI><a href="#[70]">DMA13_DriverIRQHandler</a> from .\build\fsl_edma.o(.text.DMA13_DriverIRQHandler) referenced from .\build\startup_mk64f12.o(.text)
 <LI><a href="#[17]">DMA13_IRQHandler</a> from .\build\startup_mk64f12.o(.text) referenced from .\build\startup_mk64f12.o(RESET)
 <LI><a href="#[71]">DMA14_DriverIRQHandler</a> from .\build\fsl_edma.o(.text.DMA14_DriverIRQHandler) referenced from .\build\startup_mk64f12.o(.text)
 <LI><a href="#[18]">DMA14_IRQHandler</a> from .\build\startup_mk64f12.o(.text) referenced from .\build\startup_mk64f12.o(RESET)
 <LI><a href="#[72]">DMA15_DriverIRQHandler</a> from .\build\fsl_edma.o(.text.DMA15_DriverIRQHandler) referenced from .\build\startup_mk64f12.o(.text)
 <LI><a href="#[19]">DMA15_IRQHandler</a> from .\build\startup_mk64f12.o(.text) referenced from .\build\startup_mk64f12.o(RESET)
 <LI><a href="#[64]">DMA1_DriverIRQHandler</a> from .\build\fsl_edma.o(.text.DMA1_DriverIRQHandler) referenced from .\build\startup_mk64f12.o(.text)
 <LI><a href="#[b]">DMA1_IRQHandler</a> from .\build\startup_mk64f12.o(.text) referenced from .\build\startup_mk64f12.o(RESET)
 <LI><a href="#[65]">DMA2_DriverIRQHandler</a> from .\build\fsl_edma.o(.text.DMA2_DriverIRQHandler) referenced from .\build\startup_mk64f12.o(.text)
 <LI><a href="#[c]">DMA2_IRQHandler</a> from .\build\startup_mk64f12.o(.text) referenced from .\build\startup_mk64f12.o(RESET)
 <LI><a href="#[66]">DMA3_DriverIRQHandler</a> from .\build\fsl_edma.o(.text.DMA3_DriverIRQHandler) referenced from .\build\startup_mk64f12.o(.text)
 <LI><a href="#[d]">DMA3_IRQHandler</a> from .\build\startup_mk64f12.o(.text) referenced from .\build\startup_mk64f12.o(RESET)
 <LI><a href="#[67]">DMA4_DriverIRQHandler</a> from .\build\fsl_edma.o(.text.DMA4_DriverIRQHandler) referenced from .\build\startup_mk64f12.o(.text)
 <LI><a href="#[e]">DMA4_IRQHandler</a> from .\build\startup_mk64f12.o(.text) referenced from .\build\startup_mk64f12.o(RESET)
 <LI><a href="#[68]">DMA5_DriverIRQHandler</a> from .\build\fsl_edma.o(.text.DMA5_DriverIRQHandler) referenced from .\build\startup_mk64f12.o(.text)
 <LI><a href="#[f]">DMA5_IRQHandler</a> from .\build\startup_mk64f12.o(.text) referenced from .\build\startup_mk64f12.o(RESET)
 <LI><a href="#[69]">DMA6_DriverIRQHandler</a> from .\build\fsl_edma.o(.text.DMA6_DriverIRQHandler) referenced from .\build\startup_mk64f12.o(.text)
 <LI><a href="#[10]">DMA6_IRQHandler</a> from .\build\startup_mk64f12.o(.text) referenced from .\build\startup_mk64f12.o(RESET)
 <LI><a href="#[6a]">DMA7_DriverIRQHandler</a> from .\build\fsl_edma.o(.text.DMA7_DriverIRQHandler) referenced from .\build\startup_mk64f12.o(.text)
 <LI><a href="#[11]">DMA7_IRQHandler</a> from .\build\startup_mk64f12.o(.text) referenced from .\build\startup_mk64f12.o(RESET)
 <LI><a href="#[6b]">DMA8_DriverIRQHandler</a> from .\build\fsl_edma.o(.text.DMA8_DriverIRQHandler) referenced from .\build\startup_mk64f12.o(.text)
 <LI><a href="#[12]">DMA8_IRQHandler</a> from .\build\startup_mk64f12.o(.text) referenced from .\build\startup_mk64f12.o(RESET)
 <LI><a href="#[6c]">DMA9_DriverIRQHandler</a> from .\build\fsl_edma.o(.text.DMA9_DriverIRQHandler) referenced from .\build\startup_mk64f12.o(.text)
 <LI><a href="#[13]">DMA9_IRQHandler</a> from .\build\startup_mk64f12.o(.text) referenced from .\build\startup_mk64f12.o(RESET)
 <LI><a href="#[73]">DMA_Error_DriverIRQHandler</a> from .\build\startup_mk64f12.o(.text) referenced from .\build\startup_mk64f12.o(.text)
 <LI><a href="#[1a]">DMA_Error_IRQHandler</a> from .\build\startup_mk64f12.o(.text) referenced from .\build\startup_mk64f12.o(RESET)
 <LI><a href="#[7]">DebugMon_Handler</a> from .\build\startup_mk64f12.o(.text) referenced from .\build\startup_mk64f12.o(RESET)
 <LI><a href="#[60]">DefaultISR</a> from .\build\startup_mk64f12.o(.text) referenced 153 times from .\build\startup_mk64f12.o(RESET)
 <LI><a href="#[8b]">ENET_1588_Timer_DriverIRQHandler</a> from .\build\startup_mk64f12.o(.text) referenced from .\build\startup_mk64f12.o(.text)
 <LI><a href="#[5c]">ENET_1588_Timer_IRQHandler</a> from .\build\startup_mk64f12.o(.text) referenced from .\build\startup_mk64f12.o(RESET)
 <LI><a href="#[8e]">ENET_Error_DriverIRQHandler</a> from .\build\startup_mk64f12.o(.text) referenced from .\build\startup_mk64f12.o(.text)
 <LI><a href="#[5f]">ENET_Error_IRQHandler</a> from .\build\fsl_enet.o(.text.ENET_Error_IRQHandler) referenced from .\build\startup_mk64f12.o(RESET)
 <LI><a href="#[8d]">ENET_Receive_DriverIRQHandler</a> from .\build\startup_mk64f12.o(.text) referenced from .\build\startup_mk64f12.o(.text)
 <LI><a href="#[5e]">ENET_Receive_IRQHandler</a> from .\build\fsl_enet.o(.text.ENET_Receive_IRQHandler) referenced from .\build\startup_mk64f12.o(RESET)
 <LI><a href="#[8c]">ENET_Transmit_DriverIRQHandler</a> from .\build\startup_mk64f12.o(.text) referenced from .\build\startup_mk64f12.o(.text)
 <LI><a href="#[5d]">ENET_Transmit_IRQHandler</a> from .\build\fsl_enet.o(.text.ENET_Transmit_IRQHandler) referenced from .\build\startup_mk64f12.o(RESET)
 <LI><a href="#[1c]">FTFE_IRQHandler</a> from .\build\startup_mk64f12.o(.text) referenced from .\build\startup_mk64f12.o(RESET)
 <LI><a href="#[34]">FTM0_IRQHandler</a> from .\build\startup_mk64f12.o(.text) referenced from .\build\startup_mk64f12.o(RESET)
 <LI><a href="#[35]">FTM1_IRQHandler</a> from .\build\startup_mk64f12.o(.text) referenced from .\build\startup_mk64f12.o(RESET)
 <LI><a href="#[36]">FTM2_IRQHandler</a> from .\build\startup_mk64f12.o(.text) referenced from .\build\startup_mk64f12.o(RESET)
 <LI><a href="#[51]">FTM3_IRQHandler</a> from .\build\startup_mk64f12.o(.text) referenced from .\build\startup_mk64f12.o(RESET)
 <LI><a href="#[2]">HardFault_Handler</a> from .\build\except.o(.text) referenced from .\build\startup_mk64f12.o(RESET)
 <LI><a href="#[74]">I2C0_DriverIRQHandler</a> from .\build\fsl_i2c.o(.text.I2C0_DriverIRQHandler) referenced from .\build\startup_mk64f12.o(.text)
 <LI><a href="#[22]">I2C0_IRQHandler</a> from .\build\startup_mk64f12.o(.text) referenced from .\build\startup_mk64f12.o(RESET)
 <LI><a href="#[75]">I2C1_DriverIRQHandler</a> from .\build\fsl_i2c.o(.text.I2C1_DriverIRQHandler) referenced from .\build\startup_mk64f12.o(.text)
 <LI><a href="#[23]">I2C1_IRQHandler</a> from .\build\startup_mk64f12.o(.text) referenced from .\build\startup_mk64f12.o(RESET)
 <LI><a href="#[88]">I2C2_DriverIRQHandler</a> from .\build\fsl_i2c.o(.text.I2C2_DriverIRQHandler) referenced from .\build\startup_mk64f12.o(.text)
 <LI><a href="#[54]">I2C2_IRQHandler</a> from .\build\startup_mk64f12.o(.text) referenced from .\build\startup_mk64f12.o(RESET)
 <LI><a href="#[79]">I2S0_Rx_DriverIRQHandler</a> from .\build\fsl_sai.o(.text.I2S0_Rx_DriverIRQHandler) referenced from .\build\startup_mk64f12.o(.text)
 <LI><a href="#[27]">I2S0_Rx_IRQHandler</a> from .\build\startup_mk64f12.o(.text) referenced from .\build\startup_mk64f12.o(RESET)
 <LI><a href="#[78]">I2S0_Tx_DriverIRQHandler</a> from .\build\fsl_sai.o(.text.I2S0_Tx_DriverIRQHandler) referenced from .\build\startup_mk64f12.o(.text)
 <LI><a href="#[26]">I2S0_Tx_IRQHandler</a> from .\build\startup_mk64f12.o(.text) referenced from .\build\startup_mk64f12.o(RESET)
 <LI><a href="#[1f]">LLWU_IRQHandler</a> from .\build\startup_mk64f12.o(.text) referenced from .\build\startup_mk64f12.o(RESET)
 <LI><a href="#[44]">LPTMR0_IRQHandler</a> from .\build\startup_mk64f12.o(.text) referenced from .\build\startup_mk64f12.o(RESET)
 <LI><a href="#[1e]">LVD_LVW_IRQHandler</a> from .\build\startup_mk64f12.o(.text) referenced from .\build\startup_mk64f12.o(RESET)
 <LI><a href="#[43]">MCG_IRQHandler</a> from .\build\startup_mk64f12.o(.text) referenced from .\build\startup_mk64f12.o(RESET)
 <LI><a href="#[1b]">MCM_IRQHandler</a> from .\build\startup_mk64f12.o(.text) referenced from .\build\startup_mk64f12.o(RESET)
 <LI><a href="#[3]">MemManage_Handler</a> from .\build\except.o(.text) referenced from .\build\startup_mk64f12.o(RESET)
 <LI><a href="#[1]">NMI_Handler</a> from .\build\mbed_overrides.o(.text.NMI_Handler) referenced from .\build\startup_mk64f12.o(RESET)
 <LI><a href="#[3e]">PDB0_IRQHandler</a> from .\build\startup_mk64f12.o(.text) referenced from .\build\startup_mk64f12.o(RESET)
 <LI><a href="#[3a]">PIT0_IRQHandler</a> from .\build\startup_mk64f12.o(.text) referenced from .\build\startup_mk64f12.o(RESET)
 <LI><a href="#[3b]">PIT1_IRQHandler</a> from .\build\startup_mk64f12.o(.text) referenced from .\build\startup_mk64f12.o(RESET)
 <LI><a href="#[3c]">PIT2_IRQHandler</a> from .\build\startup_mk64f12.o(.text) referenced from .\build\startup_mk64f12.o(RESET)
 <LI><a href="#[3d]">PIT3_IRQHandler</a> from .\build\startup_mk64f12.o(.text) referenced from .\build\startup_mk64f12.o(RESET)
 <LI><a href="#[45]">PORTA_IRQHandler</a> from .\build\startup_mk64f12.o(.text) referenced from .\build\startup_mk64f12.o(RESET)
 <LI><a href="#[46]">PORTB_IRQHandler</a> from .\build\startup_mk64f12.o(.text) referenced from .\build\startup_mk64f12.o(RESET)
 <LI><a href="#[47]">PORTC_IRQHandler</a> from .\build\startup_mk64f12.o(.text) referenced from .\build\startup_mk64f12.o(RESET)
 <LI><a href="#[48]">PORTD_IRQHandler</a> from .\build\startup_mk64f12.o(.text) referenced from .\build\startup_mk64f12.o(RESET)
 <LI><a href="#[49]">PORTE_IRQHandler</a> from .\build\startup_mk64f12.o(.text) referenced from .\build\startup_mk64f12.o(RESET)
 <LI><a href="#[8]">PendSV_Handler</a> from .\build\irq_cm4f.o(.text) referenced from .\build\startup_mk64f12.o(RESET)
 <LI><a href="#[21]">RNG_IRQHandler</a> from .\build\startup_mk64f12.o(.text) referenced from .\build\startup_mk64f12.o(RESET)
 <LI><a href="#[38]">RTC_IRQHandler</a> from .\build\startup_mk64f12.o(.text) referenced from .\build\startup_mk64f12.o(RESET)
 <LI><a href="#[39]">RTC_Seconds_IRQHandler</a> from .\build\startup_mk64f12.o(.text) referenced from .\build\startup_mk64f12.o(RESET)
 <LI><a href="#[1d]">Read_Collision_IRQHandler</a> from .\build\startup_mk64f12.o(.text) referenced from .\build\startup_mk64f12.o(RESET)
 <LI><a href="#[41]">Reserved71_IRQHandler</a> from .\build\startup_mk64f12.o(.text) referenced from .\build\startup_mk64f12.o(RESET)
 <LI><a href="#[0]">Reset_Handler</a> from .\build\startup_mk64f12.o(.text) referenced from .\build\startup_mk64f12.o(RESET)
 <LI><a href="#[8a]">SDHC_DriverIRQHandler</a> from .\build\fsl_sdhc.o(.text.SDHC_DriverIRQHandler) referenced from .\build\startup_mk64f12.o(.text)
 <LI><a href="#[5b]">SDHC_IRQHandler</a> from .\build\startup_mk64f12.o(.text) referenced from .\build\startup_mk64f12.o(RESET)
 <LI><a href="#[76]">SPI0_DriverIRQHandler</a> from .\build\fsl_dspi.o(.text.SPI0_DriverIRQHandler) referenced from .\build\startup_mk64f12.o(.text)
 <LI><a href="#[24]">SPI0_IRQHandler</a> from .\build\startup_mk64f12.o(.text) referenced from .\build\startup_mk64f12.o(RESET)
 <LI><a href="#[77]">SPI1_DriverIRQHandler</a> from .\build\fsl_dspi.o(.text.SPI1_DriverIRQHandler) referenced from .\build\startup_mk64f12.o(.text)
 <LI><a href="#[25]">SPI1_IRQHandler</a> from .\build\startup_mk64f12.o(.text) referenced from .\build\startup_mk64f12.o(RESET)
 <LI><a href="#[83]">SPI2_DriverIRQHandler</a> from .\build\fsl_dspi.o(.text.SPI2_DriverIRQHandler) referenced from .\build\startup_mk64f12.o(.text)
 <LI><a href="#[4b]">SPI2_IRQHandler</a> from .\build\startup_mk64f12.o(.text) referenced from .\build\startup_mk64f12.o(RESET)
 <LI><a href="#[6]">SVC_Handler</a> from .\build\irq_cm4f.o(.text) referenced from .\build\startup_mk64f12.o(RESET)
 <LI><a href="#[4a]">SWI_IRQHandler</a> from .\build\startup_mk64f12.o(.text) referenced from .\build\startup_mk64f12.o(RESET)
 <LI><a href="#[9]">SysTick_Handler</a> from .\build\irq_cm4f.o(.text) referenced 2 times from .\build\rtx_kernel.o(.text.svcRtxKernelStart)
 <LI><a href="#[9]">SysTick_Handler</a> from .\build\irq_cm4f.o(.text) referenced from .\build\startup_mk64f12.o(RESET)
 <LI><a href="#[61]">SystemInit</a> from .\build\system_mk64f12.o(.text.SystemInit) referenced from .\build\startup_mk64f12.o(.text)
 <LI><a href="#[7c]">UART0_ERR_DriverIRQHandler</a> from .\build\startup_mk64f12.o(.text) referenced from .\build\startup_mk64f12.o(.text)
 <LI><a href="#[2a]">UART0_ERR_IRQHandler</a> from .\build\startup_mk64f12.o(.text) referenced from .\build\startup_mk64f12.o(RESET)
 <LI><a href="#[7a]">UART0_LON_DriverIRQHandler</a> from .\build\startup_mk64f12.o(.text) referenced from .\build\startup_mk64f12.o(.text)
 <LI><a href="#[28]">UART0_LON_IRQHandler</a> from .\build\startup_mk64f12.o(.text) referenced from .\build\startup_mk64f12.o(RESET)
 <LI><a href="#[7b]">UART0_RX_TX_DriverIRQHandler</a> from .\build\fsl_uart.o(.text.UART0_RX_TX_DriverIRQHandler) referenced from .\build\startup_mk64f12.o(.text)
 <LI><a href="#[29]">UART0_RX_TX_IRQHandler</a> from .\build\startup_mk64f12.o(.text) referenced from .\build\startup_mk64f12.o(RESET)
 <LI><a href="#[7e]">UART1_ERR_DriverIRQHandler</a> from .\build\startup_mk64f12.o(.text) referenced from .\build\startup_mk64f12.o(.text)
 <LI><a href="#[2c]">UART1_ERR_IRQHandler</a> from .\build\startup_mk64f12.o(.text) referenced from .\build\startup_mk64f12.o(RESET)
 <LI><a href="#[7d]">UART1_RX_TX_DriverIRQHandler</a> from .\build\fsl_uart.o(.text.UART1_RX_TX_DriverIRQHandler) referenced from .\build\startup_mk64f12.o(.text)
 <LI><a href="#[2b]">UART1_RX_TX_IRQHandler</a> from .\build\startup_mk64f12.o(.text) referenced from .\build\startup_mk64f12.o(RESET)
 <LI><a href="#[80]">UART2_ERR_DriverIRQHandler</a> from .\build\startup_mk64f12.o(.text) referenced from .\build\startup_mk64f12.o(.text)
 <LI><a href="#[2e]">UART2_ERR_IRQHandler</a> from .\build\startup_mk64f12.o(.text) referenced from .\build\startup_mk64f12.o(RESET)
 <LI><a href="#[7f]">UART2_RX_TX_DriverIRQHandler</a> from .\build\fsl_uart.o(.text.UART2_RX_TX_DriverIRQHandler) referenced from .\build\startup_mk64f12.o(.text)
 <LI><a href="#[2d]">UART2_RX_TX_IRQHandler</a> from .\build\startup_mk64f12.o(.text) referenced from .\build\startup_mk64f12.o(RESET)
 <LI><a href="#[82]">UART3_ERR_DriverIRQHandler</a> from .\build\startup_mk64f12.o(.text) referenced from .\build\startup_mk64f12.o(.text)
 <LI><a href="#[30]">UART3_ERR_IRQHandler</a> from .\build\startup_mk64f12.o(.text) referenced from .\build\startup_mk64f12.o(RESET)
 <LI><a href="#[81]">UART3_RX_TX_DriverIRQHandler</a> from .\build\fsl_uart.o(.text.UART3_RX_TX_DriverIRQHandler) referenced from .\build\startup_mk64f12.o(.text)
 <LI><a href="#[2f]">UART3_RX_TX_IRQHandler</a> from .\build\startup_mk64f12.o(.text) referenced from .\build\startup_mk64f12.o(RESET)
 <LI><a href="#[85]">UART4_ERR_DriverIRQHandler</a> from .\build\startup_mk64f12.o(.text) referenced from .\build\startup_mk64f12.o(.text)
 <LI><a href="#[4d]">UART4_ERR_IRQHandler</a> from .\build\startup_mk64f12.o(.text) referenced from .\build\startup_mk64f12.o(RESET)
 <LI><a href="#[84]">UART4_RX_TX_DriverIRQHandler</a> from .\build\fsl_uart.o(.text.UART4_RX_TX_DriverIRQHandler) referenced from .\build\startup_mk64f12.o(.text)
 <LI><a href="#[4c]">UART4_RX_TX_IRQHandler</a> from .\build\startup_mk64f12.o(.text) referenced from .\build\startup_mk64f12.o(RESET)
 <LI><a href="#[87]">UART5_ERR_DriverIRQHandler</a> from .\build\startup_mk64f12.o(.text) referenced from .\build\startup_mk64f12.o(.text)
 <LI><a href="#[4f]">UART5_ERR_IRQHandler</a> from .\build\startup_mk64f12.o(.text) referenced from .\build\startup_mk64f12.o(RESET)
 <LI><a href="#[86]">UART5_RX_TX_DriverIRQHandler</a> from .\build\fsl_uart.o(.text.UART5_RX_TX_DriverIRQHandler) referenced from .\build\startup_mk64f12.o(.text)
 <LI><a href="#[4e]">UART5_RX_TX_IRQHandler</a> from .\build\startup_mk64f12.o(.text) referenced from .\build\startup_mk64f12.o(RESET)
 <LI><a href="#[3f]">USB0_IRQHandler</a> from .\build\startup_mk64f12.o(.text) referenced from .\build\startup_mk64f12.o(RESET)
 <LI><a href="#[40]">USBDCD_IRQHandler</a> from .\build\startup_mk64f12.o(.text) referenced from .\build\startup_mk64f12.o(RESET)
 <LI><a href="#[5]">UsageFault_Handler</a> from .\build\except.o(.text) referenced from .\build\startup_mk64f12.o(RESET)
 <LI><a href="#[20]">WDOG_EWM_IRQHandler</a> from .\build\startup_mk64f12.o(.text) referenced from .\build\startup_mk64f12.o(RESET)
 <LI><a href="#[10d]">_GLOBAL__sub_I_main.cpp</a> from .\build\main.o(.text._GLOBAL__sub_I_main.cpp) referenced from .\build\main.o(.init_array)
 <LI><a href="#[10e]">default_idle_hook()</a> from .\build\mbed_rtx_idle.o(.text._ZL17default_idle_hookv) referenced from .\build\mbed_rtx_idle.o(.data._ZL14idle_hook_fptr)
 <LI><a href="#[93]">rtos_event_pending(void*)</a> from .\build\mbed_rtx_idle.o(.text._ZL18rtos_event_pendingPv) referenced 2 times from .\build\mbed_rtx_idle.o(.text._ZL17default_idle_hookv)
 <LI><a href="#[b9]">DirectSerial::read(void*, unsigned int)</a> from .\build\mbed_retarget.o(.text._ZN12DirectSerial4readEPvj) referenced from .\build\mbed_retarget.o(.rodata._ZTV12DirectSerial)
 <LI><a href="#[bb]">DirectSerial::seek(long, int)</a> from .\build\mbed_retarget.o(.text._ZN12DirectSerial4seekEli) referenced from .\build\mbed_retarget.o(.rodata._ZTV12DirectSerial)
 <LI><a href="#[c1]">DirectSerial::size()</a> from .\build\mbed_retarget.o(.text._ZN12DirectSerial4sizeEv) referenced from .\build\mbed_retarget.o(.rodata._ZTV12DirectSerial)
 <LI><a href="#[bc]">DirectSerial::close()</a> from .\build\mbed_retarget.o(.text._ZN12DirectSerial5closeEv) referenced from .\build\mbed_retarget.o(.rodata._ZTV12DirectSerial)
 <LI><a href="#[ba]">DirectSerial::write(void const*, unsigned int)</a> from .\build\mbed_retarget.o(.text._ZN12DirectSerial5writeEPKvj) referenced from .\build\mbed_retarget.o(.rodata._ZTV12DirectSerial)
 <LI><a href="#[be]">DirectSerial::isatty()</a> from .\build\mbed_retarget.o(.text._ZN12DirectSerial6isattyEv) referenced from .\build\mbed_retarget.o(.rodata._ZTV12DirectSerial)
 <LI><a href="#[b8]">DirectSerial::~DirectSerial__deallocating()</a> from .\build\mbed_retarget.o(.text._ZN12DirectSerialD0Ev) referenced from .\build\mbed_retarget.o(.rodata._ZTV12DirectSerial)
 <LI><a href="#[cc]">Grove_LCD_RGB_Backlight::write(unsigned char)</a> from .\build\grove_lcd_rgb_backlight.o(.text._ZN23Grove_LCD_RGB_Backlight5writeEh) referenced from .\build\grove_lcd_rgb_backlight.o(.rodata._ZTV23Grove_LCD_RGB_Backlight)
 <LI><a href="#[c8]">mbed::FileHandle::enable_input(bool)</a> from .\build\file.o(.text._ZN4mbed10FileHandle12enable_inputEb) referenced from .\build\mbed_retarget.o(.rodata._ZTV12DirectSerial)
 <LI><a href="#[c8]">mbed::FileHandle::enable_input(bool)</a> from .\build\file.o(.text._ZN4mbed10FileHandle12enable_inputEb) referenced from .\build\filehandle.o(.rodata._ZTVN4mbed10FileHandleE)
 <LI><a href="#[c8]">mbed::FileHandle::enable_input(bool)</a> from .\build\file.o(.text._ZN4mbed10FileHandle12enable_inputEb) referenced from .\build\serial.o(.rodata._ZTVN4mbed6SerialE)
 <LI><a href="#[c8]">mbed::FileHandle::enable_input(bool)</a> from .\build\file.o(.text._ZN4mbed10FileHandle12enable_inputEb) referenced from .\build\stream.o(.rodata._ZTVN4mbed6StreamE)
 <LI><a href="#[c6]">mbed::FileHandle::set_blocking(bool)</a> from .\build\file.o(.text._ZN4mbed10FileHandle12set_blockingEb) referenced from .\build\mbed_retarget.o(.rodata._ZTV12DirectSerial)
 <LI><a href="#[c6]">mbed::FileHandle::set_blocking(bool)</a> from .\build\file.o(.text._ZN4mbed10FileHandle12set_blockingEb) referenced from .\build\filehandle.o(.rodata._ZTVN4mbed10FileHandleE)
 <LI><a href="#[c6]">mbed::FileHandle::set_blocking(bool)</a> from .\build\file.o(.text._ZN4mbed10FileHandle12set_blockingEb) referenced from .\build\serial.o(.rodata._ZTVN4mbed6SerialE)
 <LI><a href="#[c6]">mbed::FileHandle::set_blocking(bool)</a> from .\build\file.o(.text._ZN4mbed10FileHandle12set_blockingEb) referenced from .\build\stream.o(.rodata._ZTVN4mbed6StreamE)
 <LI><a href="#[c9]">mbed::FileHandle::enable_output(bool)</a> from .\build\file.o(.text._ZN4mbed10FileHandle13enable_outputEb) referenced from .\build\mbed_retarget.o(.rodata._ZTV12DirectSerial)
 <LI><a href="#[c9]">mbed::FileHandle::enable_output(bool)</a> from .\build\file.o(.text._ZN4mbed10FileHandle13enable_outputEb) referenced from .\build\filehandle.o(.rodata._ZTVN4mbed10FileHandleE)
 <LI><a href="#[c9]">mbed::FileHandle::enable_output(bool)</a> from .\build\file.o(.text._ZN4mbed10FileHandle13enable_outputEb) referenced from .\build\serial.o(.rodata._ZTVN4mbed6SerialE)
 <LI><a href="#[c9]">mbed::FileHandle::enable_output(bool)</a> from .\build\file.o(.text._ZN4mbed10FileHandle13enable_outputEb) referenced from .\build\stream.o(.rodata._ZTVN4mbed6StreamE)
 <LI><a href="#[c5]">mbed::FileHandle::flen()</a> from .\build\file.o(.text._ZN4mbed10FileHandle4flenEv) referenced from .\build\mbed_retarget.o(.rodata._ZTV12DirectSerial)
 <LI><a href="#[c5]">mbed::FileHandle::flen()</a> from .\build\file.o(.text._ZN4mbed10FileHandle4flenEv) referenced from .\build\filehandle.o(.rodata._ZTVN4mbed10FileHandleE)
 <LI><a href="#[c5]">mbed::FileHandle::flen()</a> from .\build\file.o(.text._ZN4mbed10FileHandle4flenEv) referenced from .\build\serial.o(.rodata._ZTVN4mbed6SerialE)
 <LI><a href="#[c5]">mbed::FileHandle::flen()</a> from .\build\file.o(.text._ZN4mbed10FileHandle4flenEv) referenced from .\build\stream.o(.rodata._ZTVN4mbed6StreamE)
 <LI><a href="#[d0]">mbed::FileHandle::size()</a> from .\build\filehandle.o(.text._ZN4mbed10FileHandle4sizeEv) referenced from .\build\filehandle.o(.rodata._ZTVN4mbed10FileHandleE)
 <LI><a href="#[bd]">mbed::FileHandle::sync()</a> from .\build\filehandle.o(.text._ZN4mbed10FileHandle4syncEv) referenced from .\build\mbed_retarget.o(.rodata._ZTV12DirectSerial)
 <LI><a href="#[bd]">mbed::FileHandle::sync()</a> from .\build\filehandle.o(.text._ZN4mbed10FileHandle4syncEv) referenced from .\build\filehandle.o(.rodata._ZTVN4mbed10FileHandleE)
 <LI><a href="#[bf]">mbed::FileHandle::tell()</a> from .\build\filehandle.o(.text._ZN4mbed10FileHandle4tellEv) referenced from .\build\mbed_retarget.o(.rodata._ZTV12DirectSerial)
 <LI><a href="#[bf]">mbed::FileHandle::tell()</a> from .\build\filehandle.o(.text._ZN4mbed10FileHandle4tellEv) referenced from .\build\filehandle.o(.rodata._ZTVN4mbed10FileHandleE)
 <LI><a href="#[c4]">mbed::FileHandle::fsync()</a> from .\build\file.o(.text._ZN4mbed10FileHandle5fsyncEv) referenced from .\build\mbed_retarget.o(.rodata._ZTV12DirectSerial)
 <LI><a href="#[c4]">mbed::FileHandle::fsync()</a> from .\build\file.o(.text._ZN4mbed10FileHandle5fsyncEv) referenced from .\build\filehandle.o(.rodata._ZTVN4mbed10FileHandleE)
 <LI><a href="#[c4]">mbed::FileHandle::fsync()</a> from .\build\file.o(.text._ZN4mbed10FileHandle5fsyncEv) referenced from .\build\serial.o(.rodata._ZTVN4mbed6SerialE)
 <LI><a href="#[c4]">mbed::FileHandle::fsync()</a> from .\build\file.o(.text._ZN4mbed10FileHandle5fsyncEv) referenced from .\build\stream.o(.rodata._ZTVN4mbed6StreamE)
 <LI><a href="#[c3]">mbed::FileHandle::lseek(long, int)</a> from .\build\file.o(.text._ZN4mbed10FileHandle5lseekEli) referenced from .\build\mbed_retarget.o(.rodata._ZTV12DirectSerial)
 <LI><a href="#[c3]">mbed::FileHandle::lseek(long, int)</a> from .\build\file.o(.text._ZN4mbed10FileHandle5lseekEli) referenced from .\build\filehandle.o(.rodata._ZTVN4mbed10FileHandleE)
 <LI><a href="#[c3]">mbed::FileHandle::lseek(long, int)</a> from .\build\file.o(.text._ZN4mbed10FileHandle5lseekEli) referenced from .\build\serial.o(.rodata._ZTVN4mbed6SerialE)
 <LI><a href="#[c3]">mbed::FileHandle::lseek(long, int)</a> from .\build\file.o(.text._ZN4mbed10FileHandle5lseekEli) referenced from .\build\stream.o(.rodata._ZTVN4mbed6StreamE)
 <LI><a href="#[cb]">mbed::FileHandle::sigio(mbed::Callback&lang;void ()&rang;)</a> from .\build\file.o(.text._ZN4mbed10FileHandle5sigioENS_8CallbackIFvvEEE) referenced from .\build\mbed_retarget.o(.rodata._ZTV12DirectSerial)
 <LI><a href="#[cb]">mbed::FileHandle::sigio(mbed::Callback&lang;void ()&rang;)</a> from .\build\file.o(.text._ZN4mbed10FileHandle5sigioENS_8CallbackIFvvEEE) referenced from .\build\filehandle.o(.rodata._ZTVN4mbed10FileHandleE)
 <LI><a href="#[cb]">mbed::FileHandle::sigio(mbed::Callback&lang;void ()&rang;)</a> from .\build\file.o(.text._ZN4mbed10FileHandle5sigioENS_8CallbackIFvvEEE) referenced from .\build\serial.o(.rodata._ZTVN4mbed6SerialE)
 <LI><a href="#[cb]">mbed::FileHandle::sigio(mbed::Callback&lang;void ()&rang;)</a> from .\build\file.o(.text._ZN4mbed10FileHandle5sigioENS_8CallbackIFvvEEE) referenced from .\build\stream.o(.rodata._ZTVN4mbed6StreamE)
 <LI><a href="#[cf]">mbed::FileHandle::isatty()</a> from .\build\filehandle.o(.text._ZN4mbed10FileHandle6isattyEv) referenced from .\build\filehandle.o(.rodata._ZTVN4mbed10FileHandleE)
 <LI><a href="#[c0]">mbed::FileHandle::rewind()</a> from .\build\filehandle.o(.text._ZN4mbed10FileHandle6rewindEv) referenced from .\build\mbed_retarget.o(.rodata._ZTV12DirectSerial)
 <LI><a href="#[c0]">mbed::FileHandle::rewind()</a> from .\build\filehandle.o(.text._ZN4mbed10FileHandle6rewindEv) referenced from .\build\filehandle.o(.rodata._ZTVN4mbed10FileHandleE)
 <LI><a href="#[c2]">mbed::FileHandle::truncate(long)</a> from .\build\filehandle.o(.text._ZN4mbed10FileHandle8truncateEl) referenced from .\build\mbed_retarget.o(.rodata._ZTV12DirectSerial)
 <LI><a href="#[c2]">mbed::FileHandle::truncate(long)</a> from .\build\filehandle.o(.text._ZN4mbed10FileHandle8truncateEl) referenced from .\build\filehandle.o(.rodata._ZTVN4mbed10FileHandleE)
 <LI><a href="#[c2]">mbed::FileHandle::truncate(long)</a> from .\build\filehandle.o(.text._ZN4mbed10FileHandle8truncateEl) referenced from .\build\serial.o(.rodata._ZTVN4mbed6SerialE)
 <LI><a href="#[c2]">mbed::FileHandle::truncate(long)</a> from .\build\filehandle.o(.text._ZN4mbed10FileHandle8truncateEl) referenced from .\build\stream.o(.rodata._ZTVN4mbed6StreamE)
 <LI><a href="#[cd]">mbed::FileHandle::~FileHandle__deallocating()</a> from .\build\filehandle.o(.text._ZN4mbed10FileHandleD0Ev) referenced from .\build\filehandle.o(.rodata._ZTVN4mbed10FileHandleE)
 <LI><a href="#[b7]">mbed::FileHandle::~FileHandle__sub_object()</a> from .\build\filehandle.o(.text._ZN4mbed10FileHandleD2Ev) referenced from .\build\mbed_retarget.o(.rodata._ZTV12DirectSerial)
 <LI><a href="#[b7]">mbed::FileHandle::~FileHandle__sub_object()</a> from .\build\filehandle.o(.text._ZN4mbed10FileHandleD2Ev) referenced from .\build\filehandle.o(.rodata._ZTVN4mbed10FileHandleE)
 <LI><a href="#[94]">mbed::SerialBase::_irq_handler(unsigned int, SerialIrq)</a> from .\build\serialbase.o(.text._ZN4mbed10SerialBase12_irq_handlerEj9SerialIrq) referenced 2 times from .\build\serialbase.o(.text._ZN4mbed10SerialBase5_initEv)
 <LI><a href="#[d2]">mbed::SerialBase::lock()</a> from .\build\serialbase.o(.text._ZN4mbed10SerialBase4lockEv) referenced from .\build\serialbase.o(.rodata._ZTVN4mbed10SerialBaseE)
 <LI><a href="#[95]">mbed::SerialBase::_init()</a> from .\build\serialbase.o(.text._ZN4mbed10SerialBase5_initEv) referenced 2 times from .\build\serialbase.o(.text._ZN4mbed10SerialBaseC2E7PinNameS1_i)
 <LI><a href="#[d3]">mbed::SerialBase::unlock()</a> from .\build\serialbase.o(.text._ZN4mbed10SerialBase6unlockEv) referenced from .\build\serialbase.o(.rodata._ZTVN4mbed10SerialBaseE)
 <LI><a href="#[d5]">mbed::SerialBase::~SerialBase__deallocating()</a> from .\build\serialbase.o(.text._ZN4mbed10SerialBaseD0Ev) referenced from .\build\serialbase.o(.rodata._ZTVN4mbed10SerialBaseE)
 <LI><a href="#[d4]">mbed::SerialBase::~SerialBase__sub_object()</a> from .\build\serialbase.o(.text._ZN4mbed10SerialBaseD2Ev) referenced from .\build\serialbase.o(.rodata._ZTVN4mbed10SerialBaseE)
 <LI><a href="#[97]">mbed::TimerEvent::irq(unsigned int)</a> from .\build\timerevent.o(.text._ZN4mbed10TimerEvent3irqEj) referenced 2 times from .\build\timerevent.o(.text._ZN4mbed10TimerEventC2EPK13ticker_data_t)
 <LI><a href="#[d7]">mbed::TimerEvent::~TimerEvent__deallocating()</a> from .\build\timerevent.o(.text._ZN4mbed10TimerEventD0Ev) referenced from .\build\timerevent.o(.rodata._ZTVN4mbed10TimerEventE)
 <LI><a href="#[d6]">mbed::TimerEvent::~TimerEvent__sub_object()</a> from .\build\timerevent.o(.text._ZN4mbed10TimerEventD2Ev) referenced from .\build\timerevent.o(.rodata._ZTVN4mbed10TimerEventE)
 <LI><a href="#[d8]">mbed::I2C::lock()</a> from .\build\i2c.o(.text._ZN4mbed3I2C4lockEv) referenced from .\build\i2c.o(.rodata._ZTVN4mbed3I2CE)
 <LI><a href="#[d9]">mbed::I2C::unlock()</a> from .\build\i2c.o(.text._ZN4mbed3I2C6unlockEv) referenced from .\build\i2c.o(.rodata._ZTVN4mbed3I2CE)
 <LI><a href="#[db]">mbed::I2C::~I2C__deallocating()</a> from .\build\i2c.o(.text._ZN4mbed3I2CD0Ev) referenced from .\build\i2c.o(.rodata._ZTVN4mbed3I2CE)
 <LI><a href="#[da]">mbed::I2C::~I2C__sub_object()</a> from .\build\i2c.o(.text._ZN4mbed3I2CD2Ev) referenced from .\build\i2c.o(.rodata._ZTVN4mbed3I2CE)
 <LI><a href="#[dc]">mbed::Serial::lock()</a> from .\build\serial.o(.text._ZN4mbed6Serial4lockEv) referenced from .\build\serial.o(.rodata._ZTVN4mbed6SerialE)
 <LI><a href="#[df]">mbed::Serial::_getc()</a> from .\build\serial.o(.text._ZN4mbed6Serial5_getcEv) referenced from .\build\serial.o(.rodata._ZTVN4mbed6SerialE)
 <LI><a href="#[e0]">mbed::Serial::_putc(int)</a> from .\build\serial.o(.text._ZN4mbed6Serial5_putcEi) referenced from .\build\serial.o(.rodata._ZTVN4mbed6SerialE)
 <LI><a href="#[dd]">mbed::Serial::unlock()</a> from .\build\serial.o(.text._ZN4mbed6Serial6unlockEv) referenced from .\build\serial.o(.rodata._ZTVN4mbed6SerialE)
 <LI><a href="#[de]">mbed::Serial::~Serial__deallocating()</a> from .\build\serial.o(.text._ZN4mbed6SerialD0Ev) referenced from .\build\serial.o(.rodata._ZTVN4mbed6SerialE)
 <LI><a href="#[92]">mbed::Serial::~Serial__sub_object()</a> from .\build\main.o(.text._ZN4mbed6SerialD2Ev) referenced from .\build\serial.o(.rodata._ZTVN4mbed6SerialE)
 <LI><a href="#[92]">mbed::Serial::~Serial__sub_object()</a> from .\build\main.o(.text._ZN4mbed6SerialD2Ev) referenced 2 times from .\build\main.o(.text._GLOBAL__sub_I_main.cpp)
 <LI><a href="#[f4]">mbed::Stream::lock()</a> from .\build\stream.o(.text._ZN4mbed6Stream4lockEv) referenced from .\build\stream.o(.rodata._ZTVN4mbed6StreamE)
 <LI><a href="#[e3]">mbed::Stream::read(void*, unsigned int)</a> from .\build\stream.o(.text._ZN4mbed6Stream4readEPvj) referenced from .\build\serial.o(.rodata._ZTVN4mbed6SerialE)
 <LI><a href="#[e3]">mbed::Stream::read(void*, unsigned int)</a> from .\build\stream.o(.text._ZN4mbed6Stream4readEPvj) referenced from .\build\stream.o(.rodata._ZTVN4mbed6StreamE)
 <LI><a href="#[e5]">mbed::Stream::seek(long, int)</a> from .\build\stream.o(.text._ZN4mbed6Stream4seekEli) referenced from .\build\serial.o(.rodata._ZTVN4mbed6SerialE)
 <LI><a href="#[e5]">mbed::Stream::seek(long, int)</a> from .\build\stream.o(.text._ZN4mbed6Stream4seekEli) referenced from .\build\stream.o(.rodata._ZTVN4mbed6StreamE)
 <LI><a href="#[eb]">mbed::Stream::size()</a> from .\build\stream.o(.text._ZN4mbed6Stream4sizeEv) referenced from .\build\serial.o(.rodata._ZTVN4mbed6SerialE)
 <LI><a href="#[eb]">mbed::Stream::size()</a> from .\build\stream.o(.text._ZN4mbed6Stream4sizeEv) referenced from .\build\stream.o(.rodata._ZTVN4mbed6StreamE)
 <LI><a href="#[e7]">mbed::Stream::sync()</a> from .\build\stream.o(.text._ZN4mbed6Stream4syncEv) referenced from .\build\serial.o(.rodata._ZTVN4mbed6SerialE)
 <LI><a href="#[e7]">mbed::Stream::sync()</a> from .\build\stream.o(.text._ZN4mbed6Stream4syncEv) referenced from .\build\stream.o(.rodata._ZTVN4mbed6StreamE)
 <LI><a href="#[e9]">mbed::Stream::tell()</a> from .\build\stream.o(.text._ZN4mbed6Stream4tellEv) referenced from .\build\serial.o(.rodata._ZTVN4mbed6SerialE)
 <LI><a href="#[e9]">mbed::Stream::tell()</a> from .\build\stream.o(.text._ZN4mbed6Stream4tellEv) referenced from .\build\stream.o(.rodata._ZTVN4mbed6StreamE)
 <LI><a href="#[e6]">mbed::Stream::close()</a> from .\build\stream.o(.text._ZN4mbed6Stream5closeEv) referenced from .\build\serial.o(.rodata._ZTVN4mbed6SerialE)
 <LI><a href="#[e6]">mbed::Stream::close()</a> from .\build\stream.o(.text._ZN4mbed6Stream5closeEv) referenced from .\build\stream.o(.rodata._ZTVN4mbed6StreamE)
 <LI><a href="#[e4]">mbed::Stream::write(void const*, unsigned int)</a> from .\build\stream.o(.text._ZN4mbed6Stream5writeEPKvj) referenced from .\build\serial.o(.rodata._ZTVN4mbed6SerialE)
 <LI><a href="#[e4]">mbed::Stream::write(void const*, unsigned int)</a> from .\build\stream.o(.text._ZN4mbed6Stream5writeEPKvj) referenced from .\build\stream.o(.rodata._ZTVN4mbed6StreamE)
 <LI><a href="#[e8]">mbed::Stream::isatty()</a> from .\build\stream.o(.text._ZN4mbed6Stream6isattyEv) referenced from .\build\serial.o(.rodata._ZTVN4mbed6SerialE)
 <LI><a href="#[e8]">mbed::Stream::isatty()</a> from .\build\stream.o(.text._ZN4mbed6Stream6isattyEv) referenced from .\build\stream.o(.rodata._ZTVN4mbed6StreamE)
 <LI><a href="#[ea]">mbed::Stream::rewind()</a> from .\build\stream.o(.text._ZN4mbed6Stream6rewindEv) referenced from .\build\serial.o(.rodata._ZTVN4mbed6SerialE)
 <LI><a href="#[ea]">mbed::Stream::rewind()</a> from .\build\stream.o(.text._ZN4mbed6Stream6rewindEv) referenced from .\build\stream.o(.rodata._ZTVN4mbed6StreamE)
 <LI><a href="#[f5]">mbed::Stream::unlock()</a> from .\build\stream.o(.text._ZN4mbed6Stream6unlockEv) referenced from .\build\stream.o(.rodata._ZTVN4mbed6StreamE)
 <LI><a href="#[f3]">mbed::Stream::~Stream__deallocating()</a> from .\build\stream.o(.text._ZN4mbed6StreamD0Ev) referenced from .\build\stream.o(.rodata._ZTVN4mbed6StreamE)
 <LI><a href="#[f2]">mbed::Stream::~Stream__sub_object()</a> from .\build\stream.o(.text._ZN4mbed6StreamD2Ev) referenced from .\build\stream.o(.rodata._ZTVN4mbed6StreamE)
 <LI><a href="#[f9]">mbed::FileBase::~FileBase__deallocating()</a> from .\build\filebase.o(.text._ZN4mbed8FileBaseD0Ev) referenced from .\build\filebase.o(.rodata._ZTVN4mbed8FileBaseE)
 <LI><a href="#[f8]">mbed::FileBase::~FileBase__sub_object()</a> from .\build\filebase.o(.text._ZN4mbed8FileBaseD2Ev) referenced from .\build\filebase.o(.rodata._ZTVN4mbed8FileBaseE)
 <LI><a href="#[fc]">mbed::internal::SysTimer&lang;1000u, true&rang;::handler()</a> from .\build\systimer.o(.text._ZN4mbed8internal8SysTimerILj1000ELb1EE7handlerEv) referenced from .\build\systimer.o(.rodata._ZTVN4mbed8internal8SysTimerILj1000ELb1EEE)
 <LI><a href="#[fb]">mbed::internal::SysTimer&lang;1000u, true&rang;::~SysTimer__deallocating()</a> from .\build\systimer.o(.text._ZN4mbed8internal8SysTimerILj1000ELb1EED0Ev) referenced from .\build\systimer.o(.rodata._ZTVN4mbed8internal8SysTimerILj1000ELb1EEE)
 <LI><a href="#[fa]">mbed::internal::SysTimer&lang;1000u, true&rang;::~SysTimer__sub_object()</a> from .\build\systimer.o(.text._ZN4mbed8internal8SysTimerILj1000ELb1EED2Ev) referenced from .\build\systimer.o(.rodata._ZTVN4mbed8internal8SysTimerILj1000ELb1EEE)
 <LI><a href="#[96]">CThunk&lang;mbed::SerialBase&rang;::trampoline(CThunkBase*)</a> from .\build\serialbase.o(.text._ZN6CThunkIN4mbed10SerialBaseEE10trampolineEP10CThunkBase) referenced 2 times from .\build\serialbase.o(.text._ZN4mbed10SerialBaseC2E7PinNameS1_i)
 <LI><a href="#[ca]">DirectSerial::poll(short) const</a> from .\build\mbed_retarget.o(.text._ZNK12DirectSerial4pollEs) referenced from .\build\mbed_retarget.o(.rodata._ZTV12DirectSerial)
 <LI><a href="#[c7]">mbed::FileHandle::is_blocking() const</a> from .\build\file.o(.text._ZNK4mbed10FileHandle11is_blockingEv) referenced from .\build\mbed_retarget.o(.rodata._ZTV12DirectSerial)
 <LI><a href="#[c7]">mbed::FileHandle::is_blocking() const</a> from .\build\file.o(.text._ZNK4mbed10FileHandle11is_blockingEv) referenced from .\build\filehandle.o(.rodata._ZTVN4mbed10FileHandleE)
 <LI><a href="#[c7]">mbed::FileHandle::is_blocking() const</a> from .\build\file.o(.text._ZNK4mbed10FileHandle11is_blockingEv) referenced from .\build\serial.o(.rodata._ZTVN4mbed6SerialE)
 <LI><a href="#[c7]">mbed::FileHandle::is_blocking() const</a> from .\build\file.o(.text._ZNK4mbed10FileHandle11is_blockingEv) referenced from .\build\stream.o(.rodata._ZTVN4mbed6StreamE)
 <LI><a href="#[d1]">mbed::FileHandle::poll(short) const</a> from .\build\file.o(.text._ZNK4mbed10FileHandle4pollEs) referenced from .\build\filehandle.o(.rodata._ZTVN4mbed10FileHandleE)
 <LI><a href="#[d1]">mbed::FileHandle::poll(short) const</a> from .\build\file.o(.text._ZNK4mbed10FileHandle4pollEs) referenced from .\build\serial.o(.rodata._ZTVN4mbed6SerialE)
 <LI><a href="#[d1]">mbed::FileHandle::poll(short) const</a> from .\build\file.o(.text._ZNK4mbed10FileHandle4pollEs) referenced from .\build\stream.o(.rodata._ZTVN4mbed6StreamE)
 <LI><a href="#[ee]">non-virtual thunk to mbed::Serial::lock()</a> from .\build\serial.o(.text._ZThn348_N4mbed6Serial4lockEv) referenced from .\build\serial.o(.rodata._ZTVN4mbed6SerialE)
 <LI><a href="#[ed]">non-virtual thunk to mbed::Serial::_getc()</a> from .\build\serial.o(.text._ZThn348_N4mbed6Serial5_getcEv) referenced from .\build\serial.o(.rodata._ZTVN4mbed6SerialE)
 <LI><a href="#[ec]">non-virtual thunk to mbed::Serial::_putc(int)</a> from .\build\serial.o(.text._ZThn348_N4mbed6Serial5_putcEi) referenced from .\build\serial.o(.rodata._ZTVN4mbed6SerialE)
 <LI><a href="#[ef]">non-virtual thunk to mbed::Serial::unlock()</a> from .\build\serial.o(.text._ZThn348_N4mbed6Serial6unlockEv) referenced from .\build\serial.o(.rodata._ZTVN4mbed6SerialE)
 <LI><a href="#[e2]">non-virtual thunk to mbed::Serial::~Serial__deallocating()</a> from .\build\serial.o(.text._ZThn348_N4mbed6SerialD0Ev) referenced from .\build\serial.o(.rodata._ZTVN4mbed6SerialE)
 <LI><a href="#[e1]">non-virtual thunk to mbed::Serial::~Serial()</a> from .\build\serial.o(.text._ZThn348_N4mbed6SerialD1Ev) referenced from .\build\serial.o(.rodata._ZTVN4mbed6SerialE)
 <LI><a href="#[f1]">non-virtual thunk to mbed::Serial::~Serial__deallocating()</a> from .\build\serial.o(.text._ZThn352_N4mbed6SerialD0Ev) referenced from .\build\serial.o(.rodata._ZTVN4mbed6SerialE)
 <LI><a href="#[f0]">non-virtual thunk to mbed::Serial::~Serial()</a> from .\build\serial.o(.text._ZThn352_N4mbed6SerialD1Ev) referenced from .\build\serial.o(.rodata._ZTVN4mbed6SerialE)
 <LI><a href="#[f7]">non-virtual thunk to mbed::Stream::~Stream__deallocating()</a> from .\build\stream.o(.text._ZThn4_N4mbed6StreamD0Ev) referenced from .\build\stream.o(.rodata._ZTVN4mbed6StreamE)
 <LI><a href="#[f6]">non-virtual thunk to mbed::Stream::~Stream()</a> from .\build\stream.o(.text._ZThn4_N4mbed6StreamD1Ev) referenced from .\build\stream.o(.rodata._ZTVN4mbed6StreamE)
 <LI><a href="#[ce]">__cxa_pure_virtual</a> from C:\Users\davidross\AppData\Local\Keil_v5\ARM\ARMCLANG\Bin\..\lib\libcxx\libcppabi_w.l(cxa_virtual.cpp.o)(.text.__cxa_pure_virtual) referenced 4 times from .\build\filehandle.o(.rodata._ZTVN4mbed10FileHandleE)
 <LI><a href="#[ce]">__cxa_pure_virtual</a> from C:\Users\davidross\AppData\Local\Keil_v5\ARM\ARMCLANG\Bin\..\lib\libcxx\libcppabi_w.l(cxa_virtual.cpp.o)(.text.__cxa_pure_virtual) referenced from .\build\timerevent.o(.rodata._ZTVN4mbed10TimerEventE)
 <LI><a href="#[ce]">__cxa_pure_virtual</a> from C:\Users\davidross\AppData\Local\Keil_v5\ARM\ARMCLANG\Bin\..\lib\libcxx\libcppabi_w.l(cxa_virtual.cpp.o)(.text.__cxa_pure_virtual) referenced 2 times from .\build\stream.o(.rodata._ZTVN4mbed6StreamE)
 <LI><a href="#[62]">__main</a> from C:\Users\davidross\AppData\Local\Keil_v5\ARM\ARMCLANG\Bin\..\lib\armlib\c_w.l(__main.o)(!!!main) referenced from .\build\startup_mk64f12.o(.text)
 <LI><a href="#[8f]">_get_lc_ctype</a> from C:\Users\davidross\AppData\Local\Keil_v5\ARM\ARMCLANG\Bin\..\lib\armlib\c_w.l(lc_ctype_c.o)(locale$$code) referenced from C:\Users\davidross\AppData\Local\Keil_v5\ARM\ARMCLANG\Bin\..\lib\armlib\c_w.l(rt_ctype_table.o)(.text)
 <LI><a href="#[91]">_printf_input_char</a> from C:\Users\davidross\AppData\Local\Keil_v5\ARM\ARMCLANG\Bin\..\lib\armlib\c_w.l(_printf_char_common.o)(.text) referenced from C:\Users\davidross\AppData\Local\Keil_v5\ARM\ARMCLANG\Bin\..\lib\armlib\c_w.l(_printf_char_common.o)(.text)
 <LI><a href="#[90]">_snputc</a> from C:\Users\davidross\AppData\Local\Keil_v5\ARM\ARMCLANG\Bin\..\lib\armlib\c_w.l(_snputc.o)(.text) referenced from C:\Users\davidross\AppData\Local\Keil_v5\ARM\ARMCLANG\Bin\..\lib\armlib\c_w.l(vsnprintf.o)(.text)
 <LI><a href="#[100]">lp_ticker_clear_interrupt</a> from .\build\lp_ticker.o(.text.lp_ticker_clear_interrupt) referenced from .\build\mbed_lp_ticker_api.o(.rodata.lp_interface)
 <LI><a href="#[ff]">lp_ticker_disable_interrupt</a> from .\build\lp_ticker.o(.text.lp_ticker_disable_interrupt) referenced from .\build\mbed_lp_ticker_api.o(.rodata.lp_interface)
 <LI><a href="#[102]">lp_ticker_fire_interrupt</a> from .\build\lp_ticker.o(.text.lp_ticker_fire_interrupt) referenced from .\build\mbed_lp_ticker_api.o(.rodata.lp_interface)
 <LI><a href="#[103]">lp_ticker_free</a> from .\build\lp_ticker.o(.text.lp_ticker_free) referenced from .\build\mbed_lp_ticker_api.o(.rodata.lp_interface)
 <LI><a href="#[104]">lp_ticker_get_info</a> from .\build\lp_ticker.o(.text.lp_ticker_get_info) referenced from .\build\mbed_lp_ticker_api.o(.rodata.lp_interface)
 <LI><a href="#[fd]">lp_ticker_init</a> from .\build\lp_ticker.o(.text.lp_ticker_init) referenced from .\build\mbed_lp_ticker_api.o(.rodata.lp_interface)
 <LI><a href="#[fe]">lp_ticker_read</a> from .\build\lp_ticker.o(.text.lp_ticker_read) referenced from .\build\mbed_lp_ticker_api.o(.rodata.lp_interface)
 <LI><a href="#[101]">lp_ticker_set_interrupt</a> from .\build\lp_ticker.o(.text.lp_ticker_set_interrupt) referenced from .\build\mbed_lp_ticker_api.o(.rodata.lp_interface)
 <LI><a href="#[98]">lptmr_isr</a> from .\build\lp_ticker.o(.text.lptmr_isr) referenced 2 times from .\build\lp_ticker.o(.text.lp_ticker_init)
 <LI><a href="#[99]">mbed_start</a> from .\build\mbed_boot.o(.text.mbed_start) referenced 2 times from .\build\mbed_rtos_rtx.o(.text.mbed_rtos_start)
 <LI><a href="#[10b]">note_us_ticker_free</a> from .\build\mbed_us_ticker_api.o(.text.note_us_ticker_free) referenced from .\build\mbed_us_ticker_api.o(.rodata.us_interface)
 <LI><a href="#[105]">note_us_ticker_init</a> from .\build\mbed_us_ticker_api.o(.text.note_us_ticker_init) referenced from .\build\mbed_us_ticker_api.o(.rodata.us_interface)
 <LI><a href="#[a7]">osRtxIdleThread</a> from .\build\mbed_rtx_handlers.o(.text.osRtxIdleThread) referenced 2 times from .\build\rtx_thread.o(.text.osRtxThreadStartup)
 <LI><a href="#[b3]">osRtxMessageQueuePostProcess</a> from .\build\rtx_msgqueue.o(.text.osRtxMessageQueuePostProcess) referenced 2 times from .\build\rtx_msgqueue.o(.text.svcRtxMessageQueueNew)
 <LI><a href="#[b5]">osRtxThreadPostProcess</a> from .\build\rtx_thread.o(.text.osRtxThreadPostProcess) referenced 2 times from .\build\rtx_thread.o(.text.svcRtxThreadNew)
 <LI><a href="#[a8]">osRtxTimerThread</a> from .\build\rtx_timer.o(.text.osRtxTimerThread) referenced 2 times from .\build\rtx_thread.o(.text.osRtxThreadStartup)
 <LI><a href="#[a9]">osRtxTimerTick</a> from .\build\rtx_timer.o(.text.osRtxTimerTick) referenced 2 times from .\build\rtx_timer.o(.text.osRtxTimerThread)
 <LI><a href="#[b4]">osThreadExit</a> from .\build\rtx_thread.o(.text.osThreadExit) referenced 2 times from .\build\rtx_thread.o(.text.svcRtxThreadNew)
 <LI><a href="#[b6]">pit_isr</a> from .\build\us_ticker.o(.text.pit_isr) referenced 2 times from .\build\us_ticker.o(.text.us_ticker_init)
 <LI><a href="#[9a]">svcRtxDelay</a> from .\build\rtx_delay.o(.text.svcRtxDelay) referenced 2 times from .\build\rtx_delay.o(.text.osDelay)
 <LI><a href="#[9b]">svcRtxKernelGetState</a> from .\build\rtx_kernel.o(.text.svcRtxKernelGetState) referenced 2 times from .\build\rtx_kernel.o(.text.osKernelGetState)
 <LI><a href="#[9c]">svcRtxKernelInitialize</a> from .\build\rtx_kernel.o(.text.svcRtxKernelInitialize) referenced 2 times from .\build\rtx_kernel.o(.text.osKernelInitialize)
 <LI><a href="#[9d]">svcRtxKernelResume</a> from .\build\rtx_kernel.o(.text.svcRtxKernelResume) referenced 2 times from .\build\rtx_kernel.o(.text.osKernelResume)
 <LI><a href="#[9e]">svcRtxKernelStart</a> from .\build\rtx_kernel.o(.text.svcRtxKernelStart) referenced 2 times from .\build\rtx_kernel.o(.text.osKernelStart)
 <LI><a href="#[9f]">svcRtxKernelSuspend</a> from .\build\rtx_kernel.o(.text.svcRtxKernelSuspend) referenced 2 times from .\build\rtx_kernel.o(.text.osKernelSuspend)
 <LI><a href="#[a0]">svcRtxMessageQueueGet</a> from .\build\rtx_msgqueue.o(.text.svcRtxMessageQueueGet) referenced 2 times from .\build\rtx_msgqueue.o(.text.osMessageQueueGet)
 <LI><a href="#[a1]">svcRtxMessageQueueNew</a> from .\build\rtx_msgqueue.o(.text.svcRtxMessageQueueNew) referenced 2 times from .\build\rtx_msgqueue.o(.text.osMessageQueueNew)
 <LI><a href="#[a2]">svcRtxMessageQueuePut</a> from .\build\rtx_msgqueue.o(.text.svcRtxMessageQueuePut) referenced 2 times from .\build\rtx_msgqueue.o(.text.osMessageQueuePut)
 <LI><a href="#[a3]">svcRtxMutexAcquire</a> from .\build\rtx_mutex.o(.text.svcRtxMutexAcquire) referenced 2 times from .\build\rtx_mutex.o(.text.osMutexAcquire)
 <LI><a href="#[a4]">svcRtxMutexDelete</a> from .\build\rtx_mutex.o(.text.svcRtxMutexDelete) referenced 2 times from .\build\rtx_mutex.o(.text.osMutexDelete)
 <LI><a href="#[a5]">svcRtxMutexNew</a> from .\build\rtx_mutex.o(.text.svcRtxMutexNew) referenced 2 times from .\build\rtx_mutex.o(.text.osMutexNew)
 <LI><a href="#[a6]">svcRtxMutexRelease</a> from .\build\rtx_mutex.o(.text.svcRtxMutexRelease) referenced 2 times from .\build\rtx_mutex.o(.text.osMutexRelease)
 <LI><a href="#[aa]">svcRtxThreadExit</a> from .\build\rtx_thread.o(.text.svcRtxThreadExit) referenced 2 times from .\build\rtx_thread.o(.text.osThreadExit)
 <LI><a href="#[ab]">svcRtxThreadGetId</a> from .\build\rtx_thread.o(.text.svcRtxThreadGetId) referenced 2 times from .\build\rtx_thread.o(.text.osThreadGetId)
 <LI><a href="#[ac]">svcRtxThreadNew</a> from .\build\rtx_thread.o(.text.svcRtxThreadNew) referenced 2 times from .\build\rtx_thread.o(.text.osThreadNew)
 <LI><a href="#[10f]">ticker_irq_handler</a> from .\build\mbed_ticker_api.o(.text.ticker_irq_handler) referenced 2 times from .\build\mbed_lp_ticker_api.o(.data.irq_handler)
 <LI><a href="#[ad]">uart0_irq</a> from .\build\serial_api.o(.text.uart0_irq) referenced 2 times from .\build\serial_api.o(.text.serial_irq_set)
 <LI><a href="#[b1]">uart1_irq</a> from .\build\serial_api.o(.text.uart1_irq) referenced 2 times from .\build\serial_api.o(.text.serial_irq_set)
 <LI><a href="#[af]">uart2_irq</a> from .\build\serial_api.o(.text.uart2_irq) referenced 2 times from .\build\serial_api.o(.text.serial_irq_set)
 <LI><a href="#[b0]">uart3_irq</a> from .\build\serial_api.o(.text.uart3_irq) referenced 2 times from .\build\serial_api.o(.text.serial_irq_set)
 <LI><a href="#[ae]">uart4_irq</a> from .\build\serial_api.o(.text.uart4_irq) referenced 2 times from .\build\serial_api.o(.text.serial_irq_set)
 <LI><a href="#[b2]">uart5_irq</a> from .\build\serial_api.o(.text.uart5_irq) referenced 2 times from .\build\serial_api.o(.text.serial_irq_set)
 <LI><a href="#[108]">us_ticker_clear_interrupt</a> from .\build\us_ticker.o(.text.us_ticker_clear_interrupt) referenced from .\build\mbed_us_ticker_api.o(.rodata.us_interface)
 <LI><a href="#[107]">us_ticker_disable_interrupt</a> from .\build\us_ticker.o(.text.us_ticker_disable_interrupt) referenced from .\build\mbed_us_ticker_api.o(.rodata.us_interface)
 <LI><a href="#[10a]">us_ticker_fire_interrupt</a> from .\build\us_ticker.o(.text.us_ticker_fire_interrupt) referenced from .\build\mbed_us_ticker_api.o(.rodata.us_interface)
 <LI><a href="#[10c]">us_ticker_get_info</a> from .\build\us_ticker.o(.text.us_ticker_get_info) referenced from .\build\mbed_us_ticker_api.o(.rodata.us_interface)
 <LI><a href="#[106]">us_ticker_read</a> from .\build\us_ticker.o(.text.us_ticker_read) referenced from .\build\mbed_us_ticker_api.o(.rodata.us_interface)
 <LI><a href="#[109]">us_ticker_set_interrupt</a> from .\build\us_ticker.o(.text.us_ticker_set_interrupt) referenced from .\build\mbed_us_ticker_api.o(.rodata.us_interface)
</UL>
<P>
<H3>
Global Symbols
</H3>
<P><STRONG><a name="[62]"></a>__main</STRONG> (Thumb, 8 bytes, Stack size 0 bytes, C:\Users\davidross\AppData\Local\Keil_v5\ARM\ARMCLANG\Bin\..\lib\armlib\c_w.l(__main.o)(!!!main))
<BR><BR>[Stack]<UL><LI>Max Depth = 624 + Unknown Stack Size
<LI>Call Chain = __main &rArr; __rt_entry &rArr; mbed_init &rArr; mbed_sdk_init &rArr; BOARD_BootClockRUN &rArr; CLOCK_BootToPeeMode &rArr; __aeabi_assert &rArr; __assert_puts &rArr; fflush &rArr; _do_fflush &rArr; _fflush &rArr; _writebuf &rArr; _sys_write &rArr; mbed_error &rArr; print_error_report &rArr; mbed_error_printf &rArr; mbed_error_vprintf &rArr; vsnprintf &rArr; _printf_char_common &rArr; __printf
</UL>
<BR>[Calls]<UL><LI><a href="#[116]">&gt;&gt;</a>&nbsp;&nbsp;&nbsp;__rt_entry
<LI><a href="#[115]">&gt;&gt;</a>&nbsp;&nbsp;&nbsp;__scatterload
</UL>
<BR>[Address Reference Count : 1]<UL><LI> startup_mk64f12.o(.text)
</UL>
<P><STRONG><a name="[115]"></a>__scatterload</STRONG> (Thumb, 0 bytes, Stack size unknown bytes, C:\Users\davidross\AppData\Local\Keil_v5\ARM\ARMCLANG\Bin\..\lib\armlib\c_w.l(__scatter.o)(!!!scatter))
<BR><BR>[Called By]<UL><LI><a href="#[62]">&gt;&gt;</a>&nbsp;&nbsp;&nbsp;__main
</UL>

<P><STRONG><a name="[117]"></a>__scatterload_rt2</STRONG> (Thumb, 84 bytes, Stack size unknown bytes, C:\Users\davidross\AppData\Local\Keil_v5\ARM\ARMCLANG\Bin\..\lib\armlib\c_w.l(__scatter.o)(!!!scatter), UNUSED)
<BR><BR>[Calls]<UL><LI><a href="#[116]">&gt;&gt;</a>&nbsp;&nbsp;&nbsp;__rt_entry
</UL>

<P><STRONG><a name="[2aa]"></a>__scatterload_rt2_thumb_only</STRONG> (Thumb, 0 bytes, Stack size unknown bytes, C:\Users\davidross\AppData\Local\Keil_v5\ARM\ARMCLANG\Bin\..\lib\armlib\c_w.l(__scatter.o)(!!!scatter), UNUSED)

<P><STRONG><a name="[2ab]"></a>__scatterload_loop</STRONG> (Thumb, 0 bytes, Stack size unknown bytes, C:\Users\davidross\AppData\Local\Keil_v5\ARM\ARMCLANG\Bin\..\lib\armlib\c_w.l(__scatter.o)(!!!scatter), UNUSED)

<P><STRONG><a name="[118]"></a>__scatterload_copy</STRONG> (Thumb, 26 bytes, Stack size unknown bytes, C:\Users\davidross\AppData\Local\Keil_v5\ARM\ARMCLANG\Bin\..\lib\armlib\c_w.l(__scatter_copy.o)(!!handler_copy), UNUSED)
<BR><BR>[Calls]<UL><LI><a href="#[118]">&gt;&gt;</a>&nbsp;&nbsp;&nbsp;__scatterload_copy
</UL>
<BR>[Called By]<UL><LI><a href="#[118]">&gt;&gt;</a>&nbsp;&nbsp;&nbsp;__scatterload_copy
</UL>

<P><STRONG><a name="[2ac]"></a>__scatterload_null</STRONG> (Thumb, 2 bytes, Stack size unknown bytes, C:\Users\davidross\AppData\Local\Keil_v5\ARM\ARMCLANG\Bin\..\lib\armlib\c_w.l(__scatter.o)(!!handler_null), UNUSED)

<P><STRONG><a name="[2ad]"></a>__scatterload_zeroinit</STRONG> (Thumb, 28 bytes, Stack size unknown bytes, C:\Users\davidross\AppData\Local\Keil_v5\ARM\ARMCLANG\Bin\..\lib\armlib\c_w.l(__scatter_zi.o)(!!handler_zi), UNUSED)

<P><STRONG><a name="[119]"></a>_printf_n</STRONG> (Thumb, 0 bytes, Stack size unknown bytes, C:\Users\davidross\AppData\Local\Keil_v5\ARM\ARMCLANG\Bin\..\lib\armlib\c_w.l(_printf_n.o)(.ARM.Collect$$_printf_percent$$00000001))
<BR><BR>[Calls]<UL><LI><a href="#[11a]">&gt;&gt;</a>&nbsp;&nbsp;&nbsp;_printf_charcount
</UL>

<P><STRONG><a name="[164]"></a>_printf_percent</STRONG> (Thumb, 0 bytes, Stack size unknown bytes, C:\Users\davidross\AppData\Local\Keil_v5\ARM\ARMCLANG\Bin\..\lib\armlib\c_w.l(_printf_percent.o)(.ARM.Collect$$_printf_percent$$00000000))
<BR><BR>[Called By]<UL><LI><a href="#[162]">&gt;&gt;</a>&nbsp;&nbsp;&nbsp;__printf
</UL>

<P><STRONG><a name="[11b]"></a>_printf_p</STRONG> (Thumb, 0 bytes, Stack size unknown bytes, C:\Users\davidross\AppData\Local\Keil_v5\ARM\ARMCLANG\Bin\..\lib\armlib\c_w.l(_printf_p.o)(.ARM.Collect$$_printf_percent$$00000002))
<BR><BR>[Stack]<UL><LI>Max Depth = 64 + Unknown Stack Size
<LI>Call Chain = _printf_p &rArr; _printf_hex_ptr &rArr; _printf_longlong_hex &rArr; _printf_int_common &rArr; _printf_post_padding
</UL>
<BR>[Calls]<UL><LI><a href="#[11c]">&gt;&gt;</a>&nbsp;&nbsp;&nbsp;_printf_hex_ptr
</UL>

<P><STRONG><a name="[11d]"></a>_printf_f</STRONG> (Thumb, 0 bytes, Stack size unknown bytes, C:\Users\davidross\AppData\Local\Keil_v5\ARM\ARMCLANG\Bin\..\lib\armlib\c_w.l(_printf_f.o)(.ARM.Collect$$_printf_percent$$00000003))
<BR><BR>[Stack]<UL><LI>Max Depth = 324 + Unknown Stack Size
<LI>Call Chain = _printf_f &rArr; _printf_fp_dec &rArr; _printf_fp_dec_real &rArr; _fp_digits &rArr; _btod_etento &rArr; _btod_emul &rArr; _e2e
</UL>
<BR>[Calls]<UL><LI><a href="#[11e]">&gt;&gt;</a>&nbsp;&nbsp;&nbsp;_printf_fp_dec
</UL>

<P><STRONG><a name="[11f]"></a>_printf_e</STRONG> (Thumb, 0 bytes, Stack size unknown bytes, C:\Users\davidross\AppData\Local\Keil_v5\ARM\ARMCLANG\Bin\..\lib\armlib\c_w.l(_printf_e.o)(.ARM.Collect$$_printf_percent$$00000004))
<BR><BR>[Stack]<UL><LI>Max Depth = 324 + Unknown Stack Size
<LI>Call Chain = _printf_e &rArr; _printf_fp_dec &rArr; _printf_fp_dec_real &rArr; _fp_digits &rArr; _btod_etento &rArr; _btod_emul &rArr; _e2e
</UL>
<BR>[Calls]<UL><LI><a href="#[11e]">&gt;&gt;</a>&nbsp;&nbsp;&nbsp;_printf_fp_dec
</UL>

<P><STRONG><a name="[120]"></a>_printf_g</STRONG> (Thumb, 0 bytes, Stack size unknown bytes, C:\Users\davidross\AppData\Local\Keil_v5\ARM\ARMCLANG\Bin\..\lib\armlib\c_w.l(_printf_g.o)(.ARM.Collect$$_printf_percent$$00000005))
<BR><BR>[Stack]<UL><LI>Max Depth = 324 + Unknown Stack Size
<LI>Call Chain = _printf_g &rArr; _printf_fp_dec &rArr; _printf_fp_dec_real &rArr; _fp_digits &rArr; _btod_etento &rArr; _btod_emul &rArr; _e2e
</UL>
<BR>[Calls]<UL><LI><a href="#[11e]">&gt;&gt;</a>&nbsp;&nbsp;&nbsp;_printf_fp_dec
</UL>

<P><STRONG><a name="[121]"></a>_printf_a</STRONG> (Thumb, 0 bytes, Stack size unknown bytes, C:\Users\davidross\AppData\Local\Keil_v5\ARM\ARMCLANG\Bin\..\lib\armlib\c_w.l(_printf_a.o)(.ARM.Collect$$_printf_percent$$00000006))
<BR><BR>[Stack]<UL><LI>Max Depth = 112 + Unknown Stack Size
<LI>Call Chain = _printf_a &rArr; _printf_fp_hex &rArr; _printf_fp_hex_real &rArr; _printf_fp_infnan &rArr; _printf_post_padding
</UL>
<BR>[Calls]<UL><LI><a href="#[122]">&gt;&gt;</a>&nbsp;&nbsp;&nbsp;_printf_fp_hex
</UL>

<P><STRONG><a name="[2ae]"></a>_printf_ll</STRONG> (Thumb, 0 bytes, Stack size unknown bytes, C:\Users\davidross\AppData\Local\Keil_v5\ARM\ARMCLANG\Bin\..\lib\armlib\c_w.l(_printf_ll.o)(.ARM.Collect$$_printf_percent$$00000007))

<P><STRONG><a name="[123]"></a>_printf_i</STRONG> (Thumb, 0 bytes, Stack size unknown bytes, C:\Users\davidross\AppData\Local\Keil_v5\ARM\ARMCLANG\Bin\..\lib\armlib\c_w.l(_printf_i.o)(.ARM.Collect$$_printf_percent$$00000008))
<BR><BR>[Stack]<UL><LI>Max Depth = 72 + Unknown Stack Size
<LI>Call Chain = _printf_i &rArr; _printf_int_dec &rArr; _printf_int_common &rArr; _printf_post_padding
</UL>
<BR>[Calls]<UL><LI><a href="#[124]">&gt;&gt;</a>&nbsp;&nbsp;&nbsp;_printf_int_dec
</UL>

<P><STRONG><a name="[125]"></a>_printf_d</STRONG> (Thumb, 0 bytes, Stack size unknown bytes, C:\Users\davidross\AppData\Local\Keil_v5\ARM\ARMCLANG\Bin\..\lib\armlib\c_w.l(_printf_d.o)(.ARM.Collect$$_printf_percent$$00000009))
<BR><BR>[Stack]<UL><LI>Max Depth = 72 + Unknown Stack Size
<LI>Call Chain = _printf_d &rArr; _printf_int_dec &rArr; _printf_int_common &rArr; _printf_post_padding
</UL>
<BR>[Calls]<UL><LI><a href="#[124]">&gt;&gt;</a>&nbsp;&nbsp;&nbsp;_printf_int_dec
</UL>

<P><STRONG><a name="[126]"></a>_printf_u</STRONG> (Thumb, 0 bytes, Stack size unknown bytes, C:\Users\davidross\AppData\Local\Keil_v5\ARM\ARMCLANG\Bin\..\lib\armlib\c_w.l(_printf_u.o)(.ARM.Collect$$_printf_percent$$0000000A))
<BR><BR>[Stack]<UL><LI>Max Depth = 72 + Unknown Stack Size
<LI>Call Chain = _printf_u &rArr; _printf_int_dec &rArr; _printf_int_common &rArr; _printf_post_padding
</UL>
<BR>[Calls]<UL><LI><a href="#[124]">&gt;&gt;</a>&nbsp;&nbsp;&nbsp;_printf_int_dec
</UL>

<P><STRONG><a name="[127]"></a>_printf_o</STRONG> (Thumb, 0 bytes, Stack size unknown bytes, C:\Users\davidross\AppData\Local\Keil_v5\ARM\ARMCLANG\Bin\..\lib\armlib\c_w.l(_printf_o.o)(.ARM.Collect$$_printf_percent$$0000000B))
<BR><BR>[Stack]<UL><LI>Max Depth = 64 + Unknown Stack Size
<LI>Call Chain = _printf_o &rArr; _printf_int_oct &rArr; _printf_longlong_oct &rArr; _printf_int_common &rArr; _printf_post_padding
</UL>
<BR>[Calls]<UL><LI><a href="#[128]">&gt;&gt;</a>&nbsp;&nbsp;&nbsp;_printf_int_oct
</UL>

<P><STRONG><a name="[129]"></a>_printf_x</STRONG> (Thumb, 0 bytes, Stack size unknown bytes, C:\Users\davidross\AppData\Local\Keil_v5\ARM\ARMCLANG\Bin\..\lib\armlib\c_w.l(_printf_x.o)(.ARM.Collect$$_printf_percent$$0000000C))
<BR><BR>[Stack]<UL><LI>Max Depth = 80 + Unknown Stack Size
<LI>Call Chain = _printf_x &rArr; _printf_int_hex &rArr; _printf_longlong_hex &rArr; _printf_int_common &rArr; _printf_post_padding
</UL>
<BR>[Calls]<UL><LI><a href="#[12a]">&gt;&gt;</a>&nbsp;&nbsp;&nbsp;_printf_int_hex
</UL>

<P><STRONG><a name="[12b]"></a>_printf_lli</STRONG> (Thumb, 0 bytes, Stack size unknown bytes, C:\Users\davidross\AppData\Local\Keil_v5\ARM\ARMCLANG\Bin\..\lib\armlib\c_w.l(_printf_lli.o)(.ARM.Collect$$_printf_percent$$0000000D))
<BR><BR>[Stack]<UL><LI>Max Depth = 72 + Unknown Stack Size
<LI>Call Chain = _printf_lli &rArr; _printf_longlong_dec &rArr; _printf_int_common &rArr; _printf_post_padding
</UL>
<BR>[Calls]<UL><LI><a href="#[12c]">&gt;&gt;</a>&nbsp;&nbsp;&nbsp;_printf_longlong_dec
</UL>

<P><STRONG><a name="[12d]"></a>_printf_lld</STRONG> (Thumb, 0 bytes, Stack size unknown bytes, C:\Users\davidross\AppData\Local\Keil_v5\ARM\ARMCLANG\Bin\..\lib\armlib\c_w.l(_printf_lld.o)(.ARM.Collect$$_printf_percent$$0000000E))
<BR><BR>[Stack]<UL><LI>Max Depth = 72 + Unknown Stack Size
<LI>Call Chain = _printf_lld &rArr; _printf_longlong_dec &rArr; _printf_int_common &rArr; _printf_post_padding
</UL>
<BR>[Calls]<UL><LI><a href="#[12c]">&gt;&gt;</a>&nbsp;&nbsp;&nbsp;_printf_longlong_dec
</UL>

<P><STRONG><a name="[12e]"></a>_printf_llu</STRONG> (Thumb, 0 bytes, Stack size unknown bytes, C:\Users\davidross\AppData\Local\Keil_v5\ARM\ARMCLANG\Bin\..\lib\armlib\c_w.l(_printf_llu.o)(.ARM.Collect$$_printf_percent$$0000000F))
<BR><BR>[Stack]<UL><LI>Max Depth = 72 + Unknown Stack Size
<LI>Call Chain = _printf_llu &rArr; _printf_longlong_dec &rArr; _printf_int_common &rArr; _printf_post_padding
</UL>
<BR>[Calls]<UL><LI><a href="#[12c]">&gt;&gt;</a>&nbsp;&nbsp;&nbsp;_printf_longlong_dec
</UL>

<P><STRONG><a name="[12f]"></a>_printf_llo</STRONG> (Thumb, 0 bytes, Stack size unknown bytes, C:\Users\davidross\AppData\Local\Keil_v5\ARM\ARMCLANG\Bin\..\lib\armlib\c_w.l(_printf_llo.o)(.ARM.Collect$$_printf_percent$$00000010))
<BR><BR>[Stack]<UL><LI>Max Depth = 56 + Unknown Stack Size
<LI>Call Chain = _printf_llo &rArr; _printf_ll_oct &rArr; _printf_longlong_oct &rArr; _printf_int_common &rArr; _printf_post_padding
</UL>
<BR>[Calls]<UL><LI><a href="#[130]">&gt;&gt;</a>&nbsp;&nbsp;&nbsp;_printf_ll_oct
</UL>

<P><STRONG><a name="[131]"></a>_printf_llx</STRONG> (Thumb, 0 bytes, Stack size unknown bytes, C:\Users\davidross\AppData\Local\Keil_v5\ARM\ARMCLANG\Bin\..\lib\armlib\c_w.l(_printf_llx.o)(.ARM.Collect$$_printf_percent$$00000011))
<BR><BR>[Stack]<UL><LI>Max Depth = 64 + Unknown Stack Size
<LI>Call Chain = _printf_llx &rArr; _printf_ll_hex &rArr; _printf_longlong_hex &rArr; _printf_int_common &rArr; _printf_post_padding
</UL>
<BR>[Calls]<UL><LI><a href="#[132]">&gt;&gt;</a>&nbsp;&nbsp;&nbsp;_printf_ll_hex
</UL>

<P><STRONG><a name="[2af]"></a>_printf_l</STRONG> (Thumb, 0 bytes, Stack size unknown bytes, C:\Users\davidross\AppData\Local\Keil_v5\ARM\ARMCLANG\Bin\..\lib\armlib\c_w.l(_printf_l.o)(.ARM.Collect$$_printf_percent$$00000012))

<P><STRONG><a name="[133]"></a>_printf_c</STRONG> (Thumb, 0 bytes, Stack size unknown bytes, C:\Users\davidross\AppData\Local\Keil_v5\ARM\ARMCLANG\Bin\..\lib\armlib\c_w.l(_printf_c.o)(.ARM.Collect$$_printf_percent$$00000013))
<BR><BR>[Stack]<UL><LI>Max Depth = 40 + Unknown Stack Size
<LI>Call Chain = _printf_c &rArr; _printf_char &rArr; _printf_cs_common &rArr; _printf_str &rArr; _printf_post_padding
</UL>
<BR>[Calls]<UL><LI><a href="#[134]">&gt;&gt;</a>&nbsp;&nbsp;&nbsp;_printf_char
</UL>

<P><STRONG><a name="[135]"></a>_printf_s</STRONG> (Thumb, 0 bytes, Stack size unknown bytes, C:\Users\davidross\AppData\Local\Keil_v5\ARM\ARMCLANG\Bin\..\lib\armlib\c_w.l(_printf_s.o)(.ARM.Collect$$_printf_percent$$00000014))
<BR><BR>[Stack]<UL><LI>Max Depth = 40 + Unknown Stack Size
<LI>Call Chain = _printf_s &rArr; _printf_string &rArr; _printf_cs_common &rArr; _printf_str &rArr; _printf_post_padding
</UL>
<BR>[Calls]<UL><LI><a href="#[136]">&gt;&gt;</a>&nbsp;&nbsp;&nbsp;_printf_string
</UL>

<P><STRONG><a name="[137]"></a>_printf_lc</STRONG> (Thumb, 0 bytes, Stack size unknown bytes, C:\Users\davidross\AppData\Local\Keil_v5\ARM\ARMCLANG\Bin\..\lib\armlib\c_w.l(_printf_lc.o)(.ARM.Collect$$_printf_percent$$00000015))
<BR><BR>[Stack]<UL><LI>Max Depth = 88 + Unknown Stack Size
<LI>Call Chain = _printf_lc &rArr; _printf_wchar &rArr; _printf_lcs_common &rArr; _printf_wctomb &rArr; _wcrtomb
</UL>
<BR>[Calls]<UL><LI><a href="#[138]">&gt;&gt;</a>&nbsp;&nbsp;&nbsp;_printf_wchar
</UL>

<P><STRONG><a name="[139]"></a>_printf_ls</STRONG> (Thumb, 0 bytes, Stack size unknown bytes, C:\Users\davidross\AppData\Local\Keil_v5\ARM\ARMCLANG\Bin\..\lib\armlib\c_w.l(_printf_ls.o)(.ARM.Collect$$_printf_percent$$00000016))
<BR><BR>[Stack]<UL><LI>Max Depth = 88 + Unknown Stack Size
<LI>Call Chain = _printf_ls &rArr; _printf_wstring &rArr; _printf_lcs_common &rArr; _printf_wctomb &rArr; _wcrtomb
</UL>
<BR>[Calls]<UL><LI><a href="#[13a]">&gt;&gt;</a>&nbsp;&nbsp;&nbsp;_printf_wstring
</UL>

<P><STRONG><a name="[2b0]"></a>_printf_percent_end</STRONG> (Thumb, 0 bytes, Stack size unknown bytes, C:\Users\davidross\AppData\Local\Keil_v5\ARM\ARMCLANG\Bin\..\lib\armlib\c_w.l(_printf_percent_end.o)(.ARM.Collect$$_printf_percent$$00000017))

<P><STRONG><a name="[1a7]"></a>$Super$$__rt_lib_init</STRONG> (Thumb, 0 bytes, Stack size unknown bytes, C:\Users\davidross\AppData\Local\Keil_v5\ARM\ARMCLANG\Bin\..\lib\armlib\c_w.l(libinit.o)(.ARM.Collect$$libinit$$00000000))
<BR><BR>[Called By]<UL><LI><a href="#[1a6]">&gt;&gt;</a>&nbsp;&nbsp;&nbsp;__rt_lib_init
</UL>

<P><STRONG><a name="[13b]"></a>__rt_lib_init_fp_1</STRONG> (Thumb, 0 bytes, Stack size unknown bytes, C:\Users\davidross\AppData\Local\Keil_v5\ARM\ARMCLANG\Bin\..\lib\armlib\c_w.l(libinit2.o)(.ARM.Collect$$libinit$$00000001))
<BR><BR>[Calls]<UL><LI><a href="#[13c]">&gt;&gt;</a>&nbsp;&nbsp;&nbsp;_fp_init
</UL>

<P><STRONG><a name="[13d]"></a>__rt_lib_init_heap_2</STRONG> (Thumb, 0 bytes, Stack size unknown bytes, C:\Users\davidross\AppData\Local\Keil_v5\ARM\ARMCLANG\Bin\..\lib\armlib\c_w.l(libinit2.o)(.ARM.Collect$$libinit$$00000007))
<BR><BR>[Stack]<UL><LI>Max Depth = 496 + Unknown Stack Size
<LI>Call Chain = __rt_lib_init_heap_2 &rArr; _init_alloc &rArr; __Heap_Initialize &rArr; _mutex_initialize &rArr; osMutexNew &rArr; EvrRtxMutexError &rArr; mbed_error &rArr; print_error_report &rArr; mbed_error_printf &rArr; mbed_error_vprintf &rArr; vsnprintf &rArr; _printf_char_common &rArr; __printf
</UL>
<BR>[Calls]<UL><LI><a href="#[13e]">&gt;&gt;</a>&nbsp;&nbsp;&nbsp;_init_alloc
</UL>

<P><STRONG><a name="[2b1]"></a>__rt_lib_init_preinit_1</STRONG> (Thumb, 0 bytes, Stack size unknown bytes, C:\Users\davidross\AppData\Local\Keil_v5\ARM\ARMCLANG\Bin\..\lib\armlib\c_w.l(libinit2.o)(.ARM.Collect$$libinit$$00000006))

<P><STRONG><a name="[2b2]"></a>__rt_lib_init_relocate_pie_1</STRONG> (Thumb, 0 bytes, Stack size unknown bytes, C:\Users\davidross\AppData\Local\Keil_v5\ARM\ARMCLANG\Bin\..\lib\armlib\c_w.l(libinit2.o)(.ARM.Collect$$libinit$$00000004))

<P><STRONG><a name="[2b3]"></a>__rt_lib_init_heap_1</STRONG> (Thumb, 0 bytes, Stack size unknown bytes, C:\Users\davidross\AppData\Local\Keil_v5\ARM\ARMCLANG\Bin\..\lib\armlib\c_w.l(libinit2.o)(.ARM.Collect$$libinit$$0000000C))

<P><STRONG><a name="[13f]"></a>__rt_lib_init_lc_common</STRONG> (Thumb, 0 bytes, Stack size unknown bytes, C:\Users\davidross\AppData\Local\Keil_v5\ARM\ARMCLANG\Bin\..\lib\armlib\c_w.l(libinit2.o)(.ARM.Collect$$libinit$$00000011))
<BR><BR>[Stack]<UL><LI>Max Depth = 8 + Unknown Stack Size
<LI>Call Chain = __rt_lib_init_lc_common &rArr; __rt_locale
</UL>
<BR>[Calls]<UL><LI><a href="#[140]">&gt;&gt;</a>&nbsp;&nbsp;&nbsp;__rt_locale
</UL>

<P><STRONG><a name="[2b4]"></a>__rt_lib_init_rand_1</STRONG> (Thumb, 0 bytes, Stack size unknown bytes, C:\Users\davidross\AppData\Local\Keil_v5\ARM\ARMCLANG\Bin\..\lib\armlib\c_w.l(libinit2.o)(.ARM.Collect$$libinit$$00000010))

<P><STRONG><a name="[2b5]"></a>__rt_lib_init_user_alloc_1</STRONG> (Thumb, 0 bytes, Stack size unknown bytes, C:\Users\davidross\AppData\Local\Keil_v5\ARM\ARMCLANG\Bin\..\lib\armlib\c_w.l(libinit2.o)(.ARM.Collect$$libinit$$0000000E))

<P><STRONG><a name="[2b6]"></a>__rt_lib_init_lc_collate_1</STRONG> (Thumb, 0 bytes, Stack size unknown bytes, C:\Users\davidross\AppData\Local\Keil_v5\ARM\ARMCLANG\Bin\..\lib\armlib\c_w.l(libinit2.o)(.ARM.Collect$$libinit$$00000013))

<P><STRONG><a name="[141]"></a>__rt_lib_init_lc_ctype_2</STRONG> (Thumb, 0 bytes, Stack size unknown bytes, C:\Users\davidross\AppData\Local\Keil_v5\ARM\ARMCLANG\Bin\..\lib\armlib\c_w.l(libinit2.o)(.ARM.Collect$$libinit$$00000014))
<BR><BR>[Stack]<UL><LI>Max Depth = 16 + Unknown Stack Size
<LI>Call Chain = __rt_lib_init_lc_ctype_2 &rArr; _get_lc_ctype &rArr; strcmp
</UL>
<BR>[Calls]<UL><LI><a href="#[8f]">&gt;&gt;</a>&nbsp;&nbsp;&nbsp;_get_lc_ctype
</UL>

<P><STRONG><a name="[2b7]"></a>__rt_lib_init_lc_ctype_1</STRONG> (Thumb, 0 bytes, Stack size unknown bytes, C:\Users\davidross\AppData\Local\Keil_v5\ARM\ARMCLANG\Bin\..\lib\armlib\c_w.l(libinit2.o)(.ARM.Collect$$libinit$$00000015))

<P><STRONG><a name="[2b8]"></a>__rt_lib_init_lc_monetary_1</STRONG> (Thumb, 0 bytes, Stack size unknown bytes, C:\Users\davidross\AppData\Local\Keil_v5\ARM\ARMCLANG\Bin\..\lib\armlib\c_w.l(libinit2.o)(.ARM.Collect$$libinit$$00000017))

<P><STRONG><a name="[142]"></a>__rt_lib_init_lc_numeric_2</STRONG> (Thumb, 0 bytes, Stack size unknown bytes, C:\Users\davidross\AppData\Local\Keil_v5\ARM\ARMCLANG\Bin\..\lib\armlib\c_w.l(libinit2.o)(.ARM.Collect$$libinit$$00000018))
<BR><BR>[Stack]<UL><LI>Max Depth = 16 + Unknown Stack Size
<LI>Call Chain = __rt_lib_init_lc_numeric_2 &rArr; _get_lc_numeric &rArr; strcmp
</UL>
<BR>[Calls]<UL><LI><a href="#[143]">&gt;&gt;</a>&nbsp;&nbsp;&nbsp;_get_lc_numeric
</UL>

<P><STRONG><a name="[2b9]"></a>__rt_lib_init_atexit_1</STRONG> (Thumb, 0 bytes, Stack size unknown bytes, C:\Users\davidross\AppData\Local\Keil_v5\ARM\ARMCLANG\Bin\..\lib\armlib\c_w.l(libinit2.o)(.ARM.Collect$$libinit$$0000001D))

<P><STRONG><a name="[2ba]"></a>__rt_lib_init_clock_1</STRONG> (Thumb, 0 bytes, Stack size unknown bytes, C:\Users\davidross\AppData\Local\Keil_v5\ARM\ARMCLANG\Bin\..\lib\armlib\c_w.l(libinit2.o)(.ARM.Collect$$libinit$$00000023))

<P><STRONG><a name="[2bb]"></a>__rt_lib_init_fp_trap_1</STRONG> (Thumb, 0 bytes, Stack size unknown bytes, C:\Users\davidross\AppData\Local\Keil_v5\ARM\ARMCLANG\Bin\..\lib\armlib\c_w.l(libinit2.o)(.ARM.Collect$$libinit$$00000021))

<P><STRONG><a name="[2bc]"></a>__rt_lib_init_getenv_1</STRONG> (Thumb, 0 bytes, Stack size unknown bytes, C:\Users\davidross\AppData\Local\Keil_v5\ARM\ARMCLANG\Bin\..\lib\armlib\c_w.l(libinit2.o)(.ARM.Collect$$libinit$$00000025))

<P><STRONG><a name="[2bd]"></a>__rt_lib_init_lc_numeric_1</STRONG> (Thumb, 0 bytes, Stack size unknown bytes, C:\Users\davidross\AppData\Local\Keil_v5\ARM\ARMCLANG\Bin\..\lib\armlib\c_w.l(libinit2.o)(.ARM.Collect$$libinit$$00000019))

<P><STRONG><a name="[2be]"></a>__rt_lib_init_lc_time_1</STRONG> (Thumb, 0 bytes, Stack size unknown bytes, C:\Users\davidross\AppData\Local\Keil_v5\ARM\ARMCLANG\Bin\..\lib\armlib\c_w.l(libinit2.o)(.ARM.Collect$$libinit$$0000001B))

<P><STRONG><a name="[2bf]"></a>__rt_lib_init_signal_1</STRONG> (Thumb, 0 bytes, Stack size unknown bytes, C:\Users\davidross\AppData\Local\Keil_v5\ARM\ARMCLANG\Bin\..\lib\armlib\c_w.l(libinit2.o)(.ARM.Collect$$libinit$$0000001F))

<P><STRONG><a name="[144]"></a>__rt_lib_init_stdio_2</STRONG> (Thumb, 0 bytes, Stack size unknown bytes, C:\Users\davidross\AppData\Local\Keil_v5\ARM\ARMCLANG\Bin\..\lib\armlib\c_w.l(libinit2.o)(.ARM.Collect$$libinit$$00000026))
<BR><BR>[Stack]<UL><LI>Max Depth = 624 + Unknown Stack Size
<LI>Call Chain = __rt_lib_init_stdio_2 &rArr; _initio &rArr; freopen &rArr; _freopen_locked &rArr; _sys_open &rArr; open &rArr; mbed::FilePath::FilePath(char const*) &rArr; mbed::FileBase::lookup(char const*, unsigned int) &rArr; rtos::Mutex::Mutex() &rArr; osMutexNew &rArr; EvrRtxMutexError &rArr; mbed_error &rArr; print_error_report &rArr; mbed_error_printf &rArr; mbed_error_vprintf &rArr; vsnprintf &rArr; _printf_char_common &rArr; __printf
</UL>
<BR>[Calls]<UL><LI><a href="#[145]">&gt;&gt;</a>&nbsp;&nbsp;&nbsp;_initio
</UL>

<P><STRONG><a name="[2c0]"></a>__rt_lib_init_alloca_1</STRONG> (Thumb, 0 bytes, Stack size unknown bytes, C:\Users\davidross\AppData\Local\Keil_v5\ARM\ARMCLANG\Bin\..\lib\armlib\c_w.l(libinit2.o)(.ARM.Collect$$libinit$$00000030))

<P><STRONG><a name="[2c1]"></a>__rt_lib_init_argv_1</STRONG> (Thumb, 0 bytes, Stack size unknown bytes, C:\Users\davidross\AppData\Local\Keil_v5\ARM\ARMCLANG\Bin\..\lib\armlib\c_w.l(libinit2.o)(.ARM.Collect$$libinit$$0000002E))

<P><STRONG><a name="[146]"></a>__rt_lib_init_cpp_2</STRONG> (Thumb, 0 bytes, Stack size unknown bytes, C:\Users\davidross\AppData\Local\Keil_v5\ARM\ARMCLANG\Bin\..\lib\armlib\c_w.l(libinit2.o)(.ARM.Collect$$libinit$$00000033))
<BR><BR>[Stack]<UL><LI>Max Depth = 24 + Unknown Stack Size
<LI>Call Chain = __rt_lib_init_cpp_2 &rArr; __cpp_initialize__aeabi_
</UL>
<BR>[Calls]<UL><LI><a href="#[114]">&gt;&gt;</a>&nbsp;&nbsp;&nbsp;__cpp_initialize__aeabi_
</UL>

<P><STRONG><a name="[2c2]"></a>__rt_lib_init_exceptions_1</STRONG> (Thumb, 0 bytes, Stack size unknown bytes, C:\Users\davidross\AppData\Local\Keil_v5\ARM\ARMCLANG\Bin\..\lib\armlib\c_w.l(libinit2.o)(.ARM.Collect$$libinit$$00000032))

<P><STRONG><a name="[2c3]"></a>__rt_lib_init_stdio_1</STRONG> (Thumb, 0 bytes, Stack size unknown bytes, C:\Users\davidross\AppData\Local\Keil_v5\ARM\ARMCLANG\Bin\..\lib\armlib\c_w.l(libinit2.o)(.ARM.Collect$$libinit$$00000027))

<P><STRONG><a name="[2c4]"></a>__rt_lib_init_cpp_1</STRONG> (Thumb, 0 bytes, Stack size unknown bytes, C:\Users\davidross\AppData\Local\Keil_v5\ARM\ARMCLANG\Bin\..\lib\armlib\c_w.l(libinit2.o)(.ARM.Collect$$libinit$$00000034))

<P><STRONG><a name="[2c5]"></a>__rt_lib_init_return</STRONG> (Thumb, 0 bytes, Stack size unknown bytes, C:\Users\davidross\AppData\Local\Keil_v5\ARM\ARMCLANG\Bin\..\lib\armlib\c_w.l(libinit2.o)(.ARM.Collect$$libinit$$00000035))

<P><STRONG><a name="[2]"></a>HardFault_Handler</STRONG> (Thumb, 6 bytes, Stack size 0 bytes, .\build\except.o(.text))
<BR><BR>[Stack]<UL><LI>Max Depth = 416 + Unknown Stack Size
<LI>Call Chain = HardFault_Handler &rArr; Fault_Handler &rArr; mbed_fault_handler &rArr; mbed_error &rArr; print_error_report &rArr; mbed_error_printf &rArr; mbed_error_vprintf &rArr; vsnprintf &rArr; _printf_char_common &rArr; __printf
</UL>
<BR>[Calls]<UL><LI><a href="#[147]">&gt;&gt;</a>&nbsp;&nbsp;&nbsp;Fault_Handler
</UL>
<BR>[Address Reference Count : 1]<UL><LI> startup_mk64f12.o(RESET)
</UL>
<P><STRONG><a name="[2c6]"></a>__rt_lib_shutdown_heap_2</STRONG> (Thumb, 0 bytes, Stack size 0 bytes, C:\Users\davidross\AppData\Local\Keil_v5\ARM\ARMCLANG\Bin\..\lib\armlib\c_w.l(libshutdown2.o)(.ARM.Collect$$libshutdown$$0000000F))

<P><STRONG><a name="[2c7]"></a>__rt_lib_shutdown_stdio_2</STRONG> (Thumb, 0 bytes, Stack size 0 bytes, C:\Users\davidross\AppData\Local\Keil_v5\ARM\ARMCLANG\Bin\..\lib\armlib\c_w.l(libshutdown2.o)(.ARM.Collect$$libshutdown$$00000004))

<P><STRONG><a name="[3]"></a>MemManage_Handler</STRONG> (Thumb, 6 bytes, Stack size 0 bytes, .\build\except.o(.text))
<BR><BR>[Stack]<UL><LI>Max Depth = 416 + Unknown Stack Size
<LI>Call Chain = MemManage_Handler &rArr; Fault_Handler &rArr; mbed_fault_handler &rArr; mbed_error &rArr; print_error_report &rArr; mbed_error_printf &rArr; mbed_error_vprintf &rArr; vsnprintf &rArr; _printf_char_common &rArr; __printf
</UL>
<BR>[Calls]<UL><LI><a href="#[147]">&gt;&gt;</a>&nbsp;&nbsp;&nbsp;Fault_Handler
</UL>
<BR>[Address Reference Count : 1]<UL><LI> startup_mk64f12.o(RESET)
</UL>
<P><STRONG><a name="[4]"></a>BusFault_Handler</STRONG> (Thumb, 6 bytes, Stack size 0 bytes, .\build\except.o(.text))
<BR><BR>[Stack]<UL><LI>Max Depth = 416 + Unknown Stack Size
<LI>Call Chain = BusFault_Handler &rArr; Fault_Handler &rArr; mbed_fault_handler &rArr; mbed_error &rArr; print_error_report &rArr; mbed_error_printf &rArr; mbed_error_vprintf &rArr; vsnprintf &rArr; _printf_char_common &rArr; __printf
</UL>
<BR>[Calls]<UL><LI><a href="#[147]">&gt;&gt;</a>&nbsp;&nbsp;&nbsp;Fault_Handler
</UL>
<BR>[Address Reference Count : 1]<UL><LI> startup_mk64f12.o(RESET)
</UL>
<P><STRONG><a name="[5]"></a>UsageFault_Handler</STRONG> (Thumb, 6 bytes, Stack size 0 bytes, .\build\except.o(.text))
<BR>[Address Reference Count : 1]<UL><LI> startup_mk64f12.o(RESET)
</UL>
<P><STRONG><a name="[147]"></a>Fault_Handler</STRONG> (Thumb, 170 bytes, Stack size 0 bytes, .\build\except.o(.text))
<BR><BR>[Stack]<UL><LI>Max Depth = 416 + Unknown Stack Size
<LI>Call Chain = Fault_Handler &rArr; mbed_fault_handler &rArr; mbed_error &rArr; print_error_report &rArr; mbed_error_printf &rArr; mbed_error_vprintf &rArr; vsnprintf &rArr; _printf_char_common &rArr; __printf
</UL>
<BR>[Calls]<UL><LI><a href="#[148]">&gt;&gt;</a>&nbsp;&nbsp;&nbsp;mbed_fault_handler
</UL>
<BR>[Called By]<UL><LI><a href="#[4]">&gt;&gt;</a>&nbsp;&nbsp;&nbsp;BusFault_Handler
<LI><a href="#[3]">&gt;&gt;</a>&nbsp;&nbsp;&nbsp;MemManage_Handler
<LI><a href="#[2]">&gt;&gt;</a>&nbsp;&nbsp;&nbsp;HardFault_Handler
</UL>

<P><STRONG><a name="[6]"></a>SVC_Handler</STRONG> (Thumb, 152 bytes, Stack size 0 bytes, .\build\irq_cm4f.o(.text))
<BR>[Address Reference Count : 1]<UL><LI> startup_mk64f12.o(RESET)
</UL>
<P><STRONG><a name="[8]"></a>PendSV_Handler</STRONG> (Thumb, 16 bytes, Stack size 0 bytes, .\build\irq_cm4f.o(.text))
<BR><BR>[Stack]<UL><LI>Max Depth = 48<LI>Call Chain = PendSV_Handler &rArr; osRtxPendSV_Handler &rArr; osRtxThreadDispatch &rArr; osRtxThreadStackCheck &rArr; osRtxErrorNotify &rArr;  mbed_error (Cycle)
</UL>
<BR>[Calls]<UL><LI><a href="#[149]">&gt;&gt;</a>&nbsp;&nbsp;&nbsp;osRtxPendSV_Handler
</UL>
<BR>[Address Reference Count : 1]<UL><LI> startup_mk64f12.o(RESET)
</UL>
[...]
</UL>
<BR>[Calls]<UL><LI><a href="#[27c]">&gt;&gt;</a>&nbsp;&nbsp;&nbsp;us_ticker_init
</UL>
<BR>[Address Reference Count : 1]<UL><LI> mbed_us_ticker_api.o(.rodata.us_interface)
</UL>
<P><STRONG><a name="[10b]"></a>note_us_ticker_free</STRONG> (Thumb, 16 bytes, Stack size 0 bytes, .\build\mbed_us_ticker_api.o(.text.note_us_ticker_free))
<BR><BR>[Calls]<UL><LI><a href="#[27b]">&gt;&gt;</a>&nbsp;&nbsp;&nbsp;us_ticker_free
</UL>
<BR>[Address Reference Count : 1]<UL><LI> mbed_us_ticker_api.o(.rodata.us_interface)
</UL>
<P><STRONG><a name="[9a]"></a>svcRtxDelay</STRONG> (Thumb, 20 bytes, Stack size 8 bytes, .\build\rtx_delay.o(.text.svcRtxDelay))
<BR><BR>[Stack]<UL><LI>Max Depth = 40<LI>Call Chain = svcRtxDelay &rArr; osRtxThreadWaitEnter &rArr; osRtxThreadStackCheck &rArr; osRtxErrorNotify &rArr;  mbed_error (Cycle)
</UL>
<BR>[Calls]<UL><LI><a href="#[293]">&gt;&gt;</a>&nbsp;&nbsp;&nbsp;osRtxThreadWaitEnter
</UL>
<BR>[Address Reference Count : 1]<UL><LI> rtx_delay.o(.text.osDelay)
</UL>
<P><STRONG><a name="[9c]"></a>svcRtxKernelInitialize</STRONG> (Thumb, 344 bytes, Stack size 24 bytes, .\build\rtx_kernel.o(.text.svcRtxKernelInitialize))
<BR><BR>[Stack]<UL><LI>Max Depth = 448 + Unknown Stack Size
<LI>Call Chain = svcRtxKernelInitialize &rArr; EvrRtxKernelError &rArr; mbed_error &rArr; print_error_report &rArr; mbed_error_printf &rArr; mbed_error_vprintf &rArr; vsnprintf &rArr; _printf_char_common &rArr; __printf
</UL>
<BR>[Calls]<UL><LI><a href="#[1b6]">&gt;&gt;</a>&nbsp;&nbsp;&nbsp;EvrRtxKernelError
<LI><a href="#[29e]">&gt;&gt;</a>&nbsp;&nbsp;&nbsp;osRtxMemoryPoolInit
<LI><a href="#[29d]">&gt;&gt;</a>&nbsp;&nbsp;&nbsp;osRtxMemoryInit
<LI><a href="#[16f]">&gt;&gt;</a>&nbsp;&nbsp;&nbsp;__aeabi_memclr4
</UL>
<BR>[Address Reference Count : 1]<UL><LI> rtx_kernel.o(.text.osKernelInitialize)
</UL>
<P><STRONG><a name="[9b]"></a>svcRtxKernelGetState</STRONG> (Thumb, 12 bytes, Stack size 0 bytes, .\build\rtx_kernel.o(.text.svcRtxKernelGetState))
<BR>[Address Reference Count : 1]<UL><LI> rtx_kernel.o(.text.osKernelGetState)
</UL>
<P><STRONG><a name="[9e]"></a>svcRtxKernelStart</STRONG> (Thumb, 174 bytes, Stack size 16 bytes, .\build\rtx_kernel.o(.text.svcRtxKernelStart))
<BR><BR>[Stack]<UL><LI>Max Depth = 512 + Unknown Stack Size
<LI>Call Chain = svcRtxKernelStart &rArr; OS_Tick_Enable &rArr; mbed::internal::init_os_timer() &rArr; mbed::internal::SysTimer&lang;1000u, true&rang;::SysTimer(ticker_data_t const*) &rArr; mbed::TimerEvent::TimerEvent__sub_object(ticker_data_t const*) &rArr; ticker_set_handler &rArr; initialize &rArr; mbed_error &rArr; print_error_report &rArr; mbed_error_printf &rArr; mbed_error_vprintf &rArr; vsnprintf &rArr; _printf_char_common &rArr; __printf
</UL>
<BR>[Calls]<UL><LI><a href="#[1b6]">&gt;&gt;</a>&nbsp;&nbsp;&nbsp;EvrRtxKernelError
<LI><a href="#[1d5]">&gt;&gt;</a>&nbsp;&nbsp;&nbsp;OS_Tick_GetIRQn
<LI><a href="#[1d2]">&gt;&gt;</a>&nbsp;&nbsp;&nbsp;OS_Tick_Enable
<LI><a href="#[1d7]">&gt;&gt;</a>&nbsp;&nbsp;&nbsp;OS_Tick_Setup
<LI><a href="#[292]">&gt;&gt;</a>&nbsp;&nbsp;&nbsp;osRtxThreadSwitch
<LI><a href="#[291]">&gt;&gt;</a>&nbsp;&nbsp;&nbsp;osRtxThreadStartup
<LI><a href="#[289]">&gt;&gt;</a>&nbsp;&nbsp;&nbsp;osRtxThreadListGet
</UL>
<BR>[Address Reference Count : 1]<UL><LI> rtx_kernel.o(.text.osKernelStart)
</UL>
<P><STRONG><a name="[9f]"></a>svcRtxKernelSuspend</STRONG> (Thumb, 92 bytes, Stack size 16 bytes, .\build\rtx_kernel.o(.text.svcRtxKernelSuspend))
<BR><BR>[Stack]<UL><LI>Max Depth = 440 + Unknown Stack Size
<LI>Call Chain = svcRtxKernelSuspend &rArr; EvrRtxKernelError &rArr; mbed_error &rArr; print_error_report &rArr; mbed_error_printf &rArr; mbed_error_vprintf &rArr; vsnprintf &rArr; _printf_char_common &rArr; __printf
</UL>
<BR>[Calls]<UL><LI><a href="#[1b6]">&gt;&gt;</a>&nbsp;&nbsp;&nbsp;EvrRtxKernelError
<LI><a href="#[1d0]">&gt;&gt;</a>&nbsp;&nbsp;&nbsp;OS_Tick_Disable
</UL>
<BR>[Address Reference Count : 1]<UL><LI> rtx_kernel.o(.text.osKernelSuspend)
</UL>
<P><STRONG><a name="[9d]"></a>svcRtxKernelResume</STRONG> (Thumb, 160 bytes, Stack size 24 bytes, .\build\rtx_kernel.o(.text.svcRtxKernelResume))
<BR><BR>[Stack]<UL><LI>Max Depth = 520 + Unknown Stack Size
<LI>Call Chain = svcRtxKernelResume &rArr; OS_Tick_Enable &rArr; mbed::internal::init_os_timer() &rArr; mbed::internal::SysTimer&lang;1000u, true&rang;::SysTimer(ticker_data_t const*) &rArr; mbed::TimerEvent::TimerEvent__sub_object(ticker_data_t const*) &rArr; ticker_set_handler &rArr; initialize &rArr; mbed_error &rArr; print_error_report &rArr; mbed_error_printf &rArr; mbed_error_vprintf &rArr; vsnprintf &rArr; _printf_char_common &rArr; __printf
</UL>
<BR>[Calls]<UL><LI><a href="#[1d2]">&gt;&gt;</a>&nbsp;&nbsp;&nbsp;OS_Tick_Enable
<LI><a href="#[294]">&gt;&gt;</a>&nbsp;&nbsp;&nbsp;osRtxThreadDelayTick
<LI><a href="#[28d]">&gt;&gt;</a>&nbsp;&nbsp;&nbsp;osRtxThreadDispatch
</UL>
<BR>[Address Reference Count : 1]<UL><LI> rtx_kernel.o(.text.osKernelResume)
</UL>
<P><STRONG><a name="[a1]"></a>svcRtxMessageQueueNew</STRONG> (Thumb, 356 bytes, Stack size 48 bytes, .\build\rtx_msgqueue.o(.text.svcRtxMessageQueueNew))
<BR><BR>[Stack]<UL><LI>Max Depth = 480 + Unknown Stack Size
<LI>Call Chain = svcRtxMessageQueueNew &rArr; EvrRtxMessageQueueError &rArr; mbed_error &rArr; print_error_report &rArr; mbed_error_printf &rArr; mbed_error_vprintf &rArr; vsnprintf &rArr; _printf_char_common &rArr; __printf
</UL>
<BR>[Calls]<UL><LI><a href="#[1ba]">&gt;&gt;</a>&nbsp;&nbsp;&nbsp;EvrRtxMessageQueueError
<LI><a href="#[29e]">&gt;&gt;</a>&nbsp;&nbsp;&nbsp;osRtxMemoryPoolInit
<LI><a href="#[290]">&gt;&gt;</a>&nbsp;&nbsp;&nbsp;osRtxMemoryFree
<LI><a href="#[288]">&gt;&gt;</a>&nbsp;&nbsp;&nbsp;osRtxMemoryPoolFree
<LI><a href="#[2a0]">&gt;&gt;</a>&nbsp;&nbsp;&nbsp;osRtxMemoryAlloc
<LI><a href="#[286]">&gt;&gt;</a>&nbsp;&nbsp;&nbsp;osRtxMemoryPoolAlloc
<LI><a href="#[2a1]">&gt;&gt;</a>&nbsp;&nbsp;&nbsp;__aeabi_memclr
</UL>
<BR>[Address Reference Count : 1]<UL><LI> rtx_msgqueue.o(.text.osMessageQueueNew)
</UL>
<P><STRONG><a name="[a2]"></a>svcRtxMessageQueuePut</STRONG> (Thumb, 280 bytes, Stack size 24 bytes, .\build\rtx_msgqueue.o(.text.svcRtxMessageQueuePut))
<BR><BR>[Stack]<UL><LI>Max Depth = 456 + Unknown Stack Size
<LI>Call Chain = svcRtxMessageQueuePut &rArr; EvrRtxMessageQueueError &rArr; mbed_error &rArr; print_error_report &rArr; mbed_error_printf &rArr; mbed_error_vprintf &rArr; vsnprintf &rArr; _printf_char_common &rArr; __printf
</UL>
<BR>[Calls]<UL><LI><a href="#[1ba]">&gt;&gt;</a>&nbsp;&nbsp;&nbsp;EvrRtxMessageQueueError
<LI><a href="#[28b]">&gt;&gt;</a>&nbsp;&nbsp;&nbsp;osRtxThreadRegPtr
<LI><a href="#[289]">&gt;&gt;</a>&nbsp;&nbsp;&nbsp;osRtxThreadListGet
<LI><a href="#[29f]">&gt;&gt;</a>&nbsp;&nbsp;&nbsp;osRtxThreadListPut
<LI><a href="#[28a]">&gt;&gt;</a>&nbsp;&nbsp;&nbsp;osRtxThreadWaitExit
<LI><a href="#[286]">&gt;&gt;</a>&nbsp;&nbsp;&nbsp;osRtxMemoryPoolAlloc
<LI><a href="#[293]">&gt;&gt;</a>&nbsp;&nbsp;&nbsp;osRtxThreadWaitEnter
<LI><a href="#[282]">&gt;&gt;</a>&nbsp;&nbsp;&nbsp;__aeabi_memcpy
</UL>
<BR>[Address Reference Count : 1]<UL><LI> rtx_msgqueue.o(.text.osMessageQueuePut)
</UL>
<P><STRONG><a name="[a0]"></a>svcRtxMessageQueueGet</STRONG> (Thumb, 416 bytes, Stack size 32 bytes, .\build\rtx_msgqueue.o(.text.svcRtxMessageQueueGet))
<BR><BR>[Stack]<UL><LI>Max Depth = 464 + Unknown Stack Size
<LI>Call Chain = svcRtxMessageQueueGet &rArr; EvrRtxMessageQueueError &rArr; mbed_error &rArr; print_error_report &rArr; mbed_error_printf &rArr; mbed_error_vprintf &rArr; vsnprintf &rArr; _printf_char_common &rArr; __printf
</UL>
<BR>[Calls]<UL><LI><a href="#[1ba]">&gt;&gt;</a>&nbsp;&nbsp;&nbsp;EvrRtxMessageQueueError
<LI><a href="#[28b]">&gt;&gt;</a>&nbsp;&nbsp;&nbsp;osRtxThreadRegPtr
<LI><a href="#[288]">&gt;&gt;</a>&nbsp;&nbsp;&nbsp;osRtxMemoryPoolFree
<LI><a href="#[289]">&gt;&gt;</a>&nbsp;&nbsp;&nbsp;osRtxThreadListGet
<LI><a href="#[29f]">&gt;&gt;</a>&nbsp;&nbsp;&nbsp;osRtxThreadListPut
<LI><a href="#[28a]">&gt;&gt;</a>&nbsp;&nbsp;&nbsp;osRtxThreadWaitExit
<LI><a href="#[286]">&gt;&gt;</a>&nbsp;&nbsp;&nbsp;osRtxMemoryPoolAlloc
<LI><a href="#[293]">&gt;&gt;</a>&nbsp;&nbsp;&nbsp;osRtxThreadWaitEnter
<LI><a href="#[282]">&gt;&gt;</a>&nbsp;&nbsp;&nbsp;__aeabi_memcpy
</UL>
<BR>[Address Reference Count : 1]<UL><LI> rtx_msgqueue.o(.text.osMessageQueueGet)
</UL>
<P><STRONG><a name="[b3]"></a>osRtxMessageQueuePostProcess</STRONG> (Thumb, 394 bytes, Stack size 24 bytes, .\build\rtx_msgqueue.o(.text.osRtxMessageQueuePostProcess))
<BR><BR>[Stack]<UL><LI>Max Depth = 48<LI>Call Chain = osRtxMessageQueuePostProcess &rArr; osRtxThreadWaitExit &rArr; osRtxThreadDispatch &rArr; osRtxThreadStackCheck &rArr; osRtxErrorNotify &rArr;  mbed_error (Cycle)
</UL>
<BR>[Calls]<UL><LI><a href="#[28b]">&gt;&gt;</a>&nbsp;&nbsp;&nbsp;osRtxThreadRegPtr
<LI><a href="#[288]">&gt;&gt;</a>&nbsp;&nbsp;&nbsp;osRtxMemoryPoolFree
<LI><a href="#[289]">&gt;&gt;</a>&nbsp;&nbsp;&nbsp;osRtxThreadListGet
<LI><a href="#[28a]">&gt;&gt;</a>&nbsp;&nbsp;&nbsp;osRtxThreadWaitExit
<LI><a href="#[286]">&gt;&gt;</a>&nbsp;&nbsp;&nbsp;osRtxMemoryPoolAlloc
<LI><a href="#[282]">&gt;&gt;</a>&nbsp;&nbsp;&nbsp;__aeabi_memcpy
</UL>
<BR>[Address Reference Count : 1]<UL><LI> rtx_msgqueue.o(.text.svcRtxMessageQueueNew)
</UL>
<P><STRONG><a name="[a5]"></a>svcRtxMutexNew</STRONG> (Thumb, 144 bytes, Stack size 24 bytes, .\build\rtx_mutex.o(.text.svcRtxMutexNew))
<BR><BR>[Stack]<UL><LI>Max Depth = 456 + Unknown Stack Size
<LI>Call Chain = svcRtxMutexNew &rArr; EvrRtxMutexError &rArr; mbed_error &rArr; print_error_report &rArr; mbed_error_printf &rArr; mbed_error_vprintf &rArr; vsnprintf &rArr; _printf_char_common &rArr; __printf
</UL>
<BR>[Calls]<UL><LI><a href="#[1bb]">&gt;&gt;</a>&nbsp;&nbsp;&nbsp;EvrRtxMutexError
<LI><a href="#[2a0]">&gt;&gt;</a>&nbsp;&nbsp;&nbsp;osRtxMemoryAlloc
<LI><a href="#[286]">&gt;&gt;</a>&nbsp;&nbsp;&nbsp;osRtxMemoryPoolAlloc
</UL>
<BR>[Address Reference Count : 1]<UL><LI> rtx_mutex.o(.text.osMutexNew)
</UL>
<P><STRONG><a name="[a3]"></a>svcRtxMutexAcquire</STRONG> (Thumb, 178 bytes, Stack size 16 bytes, .\build\rtx_mutex.o(.text.svcRtxMutexAcquire))
<BR><BR>[Stack]<UL><LI>Max Depth = 448 + Unknown Stack Size
<LI>Call Chain = svcRtxMutexAcquire &rArr; EvrRtxMutexError &rArr; mbed_error &rArr; print_error_report &rArr; mbed_error_printf &rArr; mbed_error_vprintf &rArr; vsnprintf &rArr; _printf_char_common &rArr; __printf
</UL>
<BR>[Calls]<UL><LI><a href="#[1bb]">&gt;&gt;</a>&nbsp;&nbsp;&nbsp;EvrRtxMutexError
<LI><a href="#[29f]">&gt;&gt;</a>&nbsp;&nbsp;&nbsp;osRtxThreadListPut
<LI><a href="#[293]">&gt;&gt;</a>&nbsp;&nbsp;&nbsp;osRtxThreadWaitEnter
<LI><a href="#[2a2]">&gt;&gt;</a>&nbsp;&nbsp;&nbsp;osRtxThreadListSort
</UL>
<BR>[Address Reference Count : 1]<UL><LI> rtx_mutex.o(.text.osMutexAcquire)
</UL>
<P><STRONG><a name="[a6]"></a>svcRtxMutexRelease</STRONG> (Thumb, 212 bytes, Stack size 16 bytes, .\build\rtx_mutex.o(.text.svcRtxMutexRelease))
<BR><BR>[Stack]<UL><LI>Max Depth = 448 + Unknown Stack Size
<LI>Call Chain = svcRtxMutexRelease &rArr; EvrRtxMutexError &rArr; mbed_error &rArr; print_error_report &rArr; mbed_error_printf &rArr; mbed_error_vprintf &rArr; vsnprintf &rArr; _printf_char_common &rArr; __printf
</UL>
<BR>[Calls]<UL><LI><a href="#[1bb]">&gt;&gt;</a>&nbsp;&nbsp;&nbsp;EvrRtxMutexError
<LI><a href="#[289]">&gt;&gt;</a>&nbsp;&nbsp;&nbsp;osRtxThreadListGet
<LI><a href="#[28d]">&gt;&gt;</a>&nbsp;&nbsp;&nbsp;osRtxThreadDispatch
<LI><a href="#[28a]">&gt;&gt;</a>&nbsp;&nbsp;&nbsp;osRtxThreadWaitExit
</UL>
<BR>[Address Reference Count : 1]<UL><LI> rtx_mutex.o(.text.osMutexRelease)
</UL>
<P><STRONG><a name="[a4]"></a>svcRtxMutexDelete</STRONG> (Thumb, 200 bytes, Stack size 16 bytes, .\build\rtx_mutex.o(.text.svcRtxMutexDelete))
<BR><BR>[Stack]<UL><LI>Max Depth = 448 + Unknown Stack Size
<LI>Call Chain = svcRtxMutexDelete &rArr; EvrRtxMutexError &rArr; mbed_error &rArr; print_error_report &rArr; mbed_error_printf &rArr; mbed_error_vprintf &rArr; vsnprintf &rArr; _printf_char_common &rArr; __printf
</UL>
<BR>[Calls]<UL><LI><a href="#[1bb]">&gt;&gt;</a>&nbsp;&nbsp;&nbsp;EvrRtxMutexError
<LI><a href="#[290]">&gt;&gt;</a>&nbsp;&nbsp;&nbsp;osRtxMemoryFree
<LI><a href="#[288]">&gt;&gt;</a>&nbsp;&nbsp;&nbsp;osRtxMemoryPoolFree
<LI><a href="#[289]">&gt;&gt;</a>&nbsp;&nbsp;&nbsp;osRtxThreadListGet
<LI><a href="#[28d]">&gt;&gt;</a>&nbsp;&nbsp;&nbsp;osRtxThreadDispatch
<LI><a href="#[28a]">&gt;&gt;</a>&nbsp;&nbsp;&nbsp;osRtxThreadWaitExit
<LI><a href="#[2a2]">&gt;&gt;</a>&nbsp;&nbsp;&nbsp;osRtxThreadListSort
</UL>
<BR>[Address Reference Count : 1]<UL><LI> rtx_mutex.o(.text.osMutexDelete)
</UL>
<P><STRONG><a name="[ac]"></a>svcRtxThreadNew</STRONG> (Thumb, 532 bytes, Stack size 40 bytes, .\build\rtx_thread.o(.text.svcRtxThreadNew))
<BR><BR>[Stack]<UL><LI>Max Depth = 472 + Unknown Stack Size
<LI>Call Chain = svcRtxThreadNew &rArr; EvrRtxThreadError &rArr; mbed_error &rArr; print_error_report &rArr; mbed_error_printf &rArr; mbed_error_vprintf &rArr; vsnprintf &rArr; _printf_char_common &rArr; __printf
</UL>
<BR>[Calls]<UL><LI><a href="#[1bc]">&gt;&gt;</a>&nbsp;&nbsp;&nbsp;EvrRtxThreadError
<LI><a href="#[290]">&gt;&gt;</a>&nbsp;&nbsp;&nbsp;osRtxMemoryFree
<LI><a href="#[288]">&gt;&gt;</a>&nbsp;&nbsp;&nbsp;osRtxMemoryPoolFree
<LI><a href="#[28d]">&gt;&gt;</a>&nbsp;&nbsp;&nbsp;osRtxThreadDispatch
<LI><a href="#[2a0]">&gt;&gt;</a>&nbsp;&nbsp;&nbsp;osRtxMemoryAlloc
<LI><a href="#[286]">&gt;&gt;</a>&nbsp;&nbsp;&nbsp;osRtxMemoryPoolAlloc
<LI><a href="#[16f]">&gt;&gt;</a>&nbsp;&nbsp;&nbsp;__aeabi_memclr4
<LI><a href="#[17c]">&gt;&gt;</a>&nbsp;&nbsp;&nbsp;__aeabi_memset4
</UL>
<BR>[Called By]<UL><LI><a href="#[291]">&gt;&gt;</a>&nbsp;&nbsp;&nbsp;osRtxThreadStartup
</UL>
<BR>[Address Reference Count : 1]<UL><LI> rtx_thread.o(.text.osThreadNew)
</UL>
<P><STRONG><a name="[b5]"></a>osRtxThreadPostProcess</STRONG> (Thumb, 262 bytes, Stack size 16 bytes, .\build\rtx_thread.o(.text.osRtxThreadPostProcess))
<BR><BR>[Stack]<UL><LI>Max Depth = 16<LI>Call Chain = osRtxThreadPostProcess
</UL>
<BR>[Address Reference Count : 1]<UL><LI> rtx_thread.o(.text.svcRtxThreadNew)
</UL>
<P><STRONG><a name="[ab]"></a>svcRtxThreadGetId</STRONG> (Thumb, 12 bytes, Stack size 0 bytes, .\build\rtx_thread.o(.text.svcRtxThreadGetId))
<BR>[Address Reference Count : 1]<UL><LI> rtx_thread.o(.text.osThreadGetId)
</UL>
<P><STRONG><a name="[aa]"></a>svcRtxThreadExit</STRONG> (Thumb, 240 bytes, Stack size 16 bytes, .\build\rtx_thread.o(.text.svcRtxThreadExit))
<BR><BR>[Stack]<UL><LI>Max Depth = 64<LI>Call Chain = svcRtxThreadExit &rArr; osRtxMutexOwnerRelease &rArr; osRtxThreadWaitExit &rArr; osRtxThreadDispatch &rArr; osRtxThreadStackCheck &rArr; osRtxErrorNotify &rArr;  mbed_error (Cycle)
</UL>
<BR>[Calls]<UL><LI><a href="#[28e]">&gt;&gt;</a>&nbsp;&nbsp;&nbsp;osRtxThreadStackCheck
<LI><a href="#[28f]">&gt;&gt;</a>&nbsp;&nbsp;&nbsp;osRtxThreadFree
<LI><a href="#[28c]">&gt;&gt;</a>&nbsp;&nbsp;&nbsp;osRtxMutexOwnerRelease
</UL>
<BR>[Address Reference Count : 1]<UL><LI> rtx_thread.o(.text.osThreadExit)
</UL>
<P><STRONG><a name="[28f]"></a>osRtxThreadFree</STRONG> (Thumb, 98 bytes, Stack size 8 bytes, .\build\rtx_thread.o(.text.osRtxThreadFree))
<BR><BR>[Stack]<UL><LI>Max Depth = 24<LI>Call Chain = osRtxThreadFree &rArr; osRtxMemoryPoolFree
</UL>
<BR>[Calls]<UL><LI><a href="#[290]">&gt;&gt;</a>&nbsp;&nbsp;&nbsp;osRtxMemoryFree
<LI><a href="#[288]">&gt;&gt;</a>&nbsp;&nbsp;&nbsp;osRtxMemoryPoolFree
</UL>
<BR>[Called By]<UL><LI><a href="#[aa]">&gt;&gt;</a>&nbsp;&nbsp;&nbsp;svcRtxThreadExit
</UL>

<P><STRONG><a name="[a9]"></a>osRtxTimerTick</STRONG> (Thumb, 162 bytes, Stack size 16 bytes, .\build\rtx_timer.o(.text.osRtxTimerTick))
<BR><BR>[Stack]<UL><LI>Max Depth = 472 + Unknown Stack Size
<LI>Call Chain = osRtxTimerTick &rArr; osMessageQueuePut &rArr; EvrRtxMessageQueueError &rArr; mbed_error &rArr; print_error_report &rArr; mbed_error_printf &rArr; mbed_error_vprintf &rArr; vsnprintf &rArr; _printf_char_common &rArr; __printf
</UL>
<BR>[Calls]<UL><LI><a href="#[285]">&gt;&gt;</a>&nbsp;&nbsp;&nbsp;osMessageQueuePut
<LI><a href="#[24d]">&gt;&gt;</a>&nbsp;&nbsp;&nbsp;osRtxErrorNotify
</UL>
<BR>[Address Reference Count : 1]<UL><LI> rtx_timer.o(.text.osRtxTimerThread)
</UL>
<P><STRONG><a name="[b6]"></a>pit_isr</STRONG> (Thumb, 34 bytes, Stack size 0 bytes, .\build\us_ticker.o(.text.pit_isr))
<BR><BR>[Calls]<UL><LI><a href="#[297]">&gt;&gt;</a>&nbsp;&nbsp;&nbsp;us_ticker_irq_handler
</UL>
<BR>[Address Reference Count : 1]<UL><LI> us_ticker.o(.text.us_ticker_init)
</UL>
<P><STRONG><a name="[14f]"></a>AlignUp</STRONG> (Thumb, 10 bytes, Stack size 0 bytes, C:\Users\davidross\AppData\Local\Keil_v5\ARM\ARMCLANG\Bin\..\lib\armlib\c_w.l(h1_alloc_threads.o)(.text))
<BR><BR>[Called By]<UL><LI><a href="#[14e]">&gt;&gt;</a>&nbsp;&nbsp;&nbsp;Heap1_SizeAdjust
</UL>

<P><STRONG><a name="[14e]"></a>Heap1_SizeAdjust</STRONG> (Thumb, 6 bytes, Stack size 0 bytes, C:\Users\davidross\AppData\Local\Keil_v5\ARM\ARMCLANG\Bin\..\lib\armlib\c_w.l(h1_alloc_threads.o)(.text))
<BR><BR>[Calls]<UL><LI><a href="#[14f]">&gt;&gt;</a>&nbsp;&nbsp;&nbsp;AlignUp
</UL>
<BR>[Called By]<UL><LI><a href="#[150]">&gt;&gt;</a>&nbsp;&nbsp;&nbsp;malloc_internal$concurrent
</UL>

<P><STRONG><a name="[173]"></a>_freopen_locked</STRONG> (Thumb, 180 bytes, Stack size 32 bytes, C:\Users\davidross\AppData\Local\Keil_v5\ARM\ARMCLANG\Bin\..\lib\armlib\c_w.l(fopen_locked.o)(.text))
<BR><BR>[Stack]<UL><LI>Max Depth = 592 + Unknown Stack Size
<LI>Call Chain = _freopen_locked &rArr; _sys_open &rArr; open &rArr; mbed::FilePath::FilePath(char const*) &rArr; mbed::FileBase::lookup(char const*, unsigned int) &rArr; rtos::Mutex::Mutex() &rArr; osMutexNew &rArr; EvrRtxMutexError &rArr; mbed_error &rArr; print_error_report &rArr; mbed_error_printf &rArr; mbed_error_vprintf &rArr; vsnprintf &rArr; _printf_char_common &rArr; __printf
</UL>
<BR>[Calls]<UL><LI><a href="#[174]">&gt;&gt;</a>&nbsp;&nbsp;&nbsp;_sys_open
<LI><a href="#[112]">&gt;&gt;</a>&nbsp;&nbsp;&nbsp;_mutex_release
<LI><a href="#[111]">&gt;&gt;</a>&nbsp;&nbsp;&nbsp;_mutex_acquire
<LI><a href="#[16c]">&gt;&gt;</a>&nbsp;&nbsp;&nbsp;_fclose_internal
<LI><a href="#[165]">&gt;&gt;</a>&nbsp;&nbsp;&nbsp;_fseek
</UL>
<BR>[Called By]<UL><LI><a href="#[176]">&gt;&gt;</a>&nbsp;&nbsp;&nbsp;fopen
<LI><a href="#[175]">&gt;&gt;</a>&nbsp;&nbsp;&nbsp;freopen
</UL>

<P><STRONG><a name="[184]"></a>_fp_digits</STRONG> (Thumb, 432 bytes, Stack size 96 bytes, C:\Users\davidross\AppData\Local\Keil_v5\ARM\ARMCLANG\Bin\..\lib\armlib\c_w.l(_printf_fp_dec.o)(.text))
<BR><BR>[Stack]<UL><LI>Max Depth = 220<LI>Call Chain = _fp_digits &rArr; _btod_etento &rArr; _btod_emul &rArr; _e2e
</UL>
<BR>[Calls]<UL><LI><a href="#[188]">&gt;&gt;</a>&nbsp;&nbsp;&nbsp;_btod_emul
<LI><a href="#[187]">&gt;&gt;</a>&nbsp;&nbsp;&nbsp;_btod_ediv
<LI><a href="#[186]">&gt;&gt;</a>&nbsp;&nbsp;&nbsp;_btod_d2e
<LI><a href="#[185]">&gt;&gt;</a>&nbsp;&nbsp;&nbsp;_btod_etento
<LI><a href="#[189]">&gt;&gt;</a>&nbsp;&nbsp;&nbsp;_ll_udiv10
</UL>
<BR>[Called By]<UL><LI><a href="#[18a]">&gt;&gt;</a>&nbsp;&nbsp;&nbsp;_printf_fp_dec_real
</UL>

<P><STRONG><a name="[91]"></a>_printf_input_char</STRONG> (Thumb, 10 bytes, Stack size 0 bytes, C:\Users\davidross\AppData\Local\Keil_v5\ARM\ARMCLANG\Bin\..\lib\armlib\c_w.l(_printf_char_common.o)(.text))
<BR>[Address Reference Count : 1]<UL><LI> _printf_char_common.o(.text)
</UL>
<P><STRONG><a name="[199]"></a>AlignUpOffset</STRONG> (Thumb, 14 bytes, Stack size 0 bytes, C:\Users\davidross\AppData\Local\Keil_v5\ARM\ARMCLANG\Bin\..\lib\armlib\c_w.l(h1_extend_threads.o)(.text))
<BR><BR>[Called By]<UL><LI><a href="#[180]">&gt;&gt;</a>&nbsp;&nbsp;&nbsp;__Heap_ProvideMemory
</UL>
<P>
<H3>
Undefined Global Symbols
</H3><HR></body></html>
